<?xml version="1.0" encoding="UTF-8"?>
<testsuites>
  <testsuite name="/Users/jordanpartridge/Sites/chat/phpunit.xml" tests="390" assertions="869" errors="0" failures="0" skipped="1" time="8.199249">
    <testsuite name="Feature" tests="390" assertions="869" errors="0" failures="0" skipped="1" time="8.199249">
      <testsuite name="Tests\Feature\Auth\AuthenticationTest" file="tests/Feature/Auth/AuthenticationTest.php" tests="6" assertions="13" errors="0" failures="0" skipped="0" time="0.268052">
        <testcase name="`login screen` → login screen can be rendered" file="tests/Feature/Auth/AuthenticationTest.php::`login screen` → login screen can be rendered" class="Tests\Feature\Auth\AuthenticationTest" classname="Tests.Feature.Auth.AuthenticationTest" assertions="1" time="0.153292"/>
        <testcase name="`authentication` → users can authenticate using the login screen" file="tests/Feature/Auth/AuthenticationTest.php::`authentication` → users can authenticate using the login screen" class="Tests\Feature\Auth\AuthenticationTest" classname="Tests.Feature.Auth.AuthenticationTest" assertions="3" time="0.043169"/>
        <testcase name="`authentication` → users with two factor enabled are redirected to two factor challenge" file="tests/Feature/Auth/AuthenticationTest.php::`authentication` → users with two factor enabled are redirected to two factor challenge" class="Tests\Feature\Auth\AuthenticationTest" classname="Tests.Feature.Auth.AuthenticationTest" assertions="4" time="0.019470"/>
        <testcase name="`authentication` → users can not authenticate with invalid password" file="tests/Feature/Auth/AuthenticationTest.php::`authentication` → users can not authenticate with invalid password" class="Tests\Feature\Auth\AuthenticationTest" classname="Tests.Feature.Auth.AuthenticationTest" assertions="1" time="0.018996"/>
        <testcase name="`logout` → users can logout" file="tests/Feature/Auth/AuthenticationTest.php::`logout` → users can logout" class="Tests\Feature\Auth\AuthenticationTest" classname="Tests.Feature.Auth.AuthenticationTest" assertions="3" time="0.016193"/>
        <testcase name="`rate limiting` → users are rate limited" file="tests/Feature/Auth/AuthenticationTest.php::`rate limiting` → users are rate limited" class="Tests\Feature\Auth\AuthenticationTest" classname="Tests.Feature.Auth.AuthenticationTest" assertions="1" time="0.016931"/>
      </testsuite>
      <testsuite name="Tests\Feature\Auth\EmailVerificationTest" file="tests/Feature/Auth/EmailVerificationTest.php" tests="6" assertions="16" errors="0" failures="0" skipped="0" time="0.106253">
        <testcase name="`verification notice` → email verification screen can be rendered" file="tests/Feature/Auth/EmailVerificationTest.php::`verification notice` → email verification screen can be rendered" class="Tests\Feature\Auth\EmailVerificationTest" classname="Tests.Feature.Auth.EmailVerificationTest" assertions="1" time="0.021818"/>
        <testcase name="`verification notice` → verified user is redirected to dashboard from verification prompt" file="tests/Feature/Auth/EmailVerificationTest.php::`verification notice` → verified user is redirected to dashboard from verification prompt" class="Tests\Feature\Auth\EmailVerificationTest" classname="Tests.Feature.Auth.EmailVerificationTest" assertions="3" time="0.016524"/>
        <testcase name="`email verification` → email can be verified" file="tests/Feature/Auth/EmailVerificationTest.php::`email verification` → email can be verified" class="Tests\Feature\Auth\EmailVerificationTest" classname="Tests.Feature.Auth.EmailVerificationTest" assertions="4" time="0.018504"/>
        <testcase name="`email verification` → already verified user visiting verification link is redirected without firing event again" file="tests/Feature/Auth/EmailVerificationTest.php::`email verification` → already verified user visiting verification link is redirected without firing event again" class="Tests\Feature\Auth\EmailVerificationTest" classname="Tests.Feature.Auth.EmailVerificationTest" assertions="4" time="0.016270"/>
        <testcase name="`invalid verification` → email is not verified with invalid hash" file="tests/Feature/Auth/EmailVerificationTest.php::`invalid verification` → email is not verified with invalid hash" class="Tests\Feature\Auth\EmailVerificationTest" classname="Tests.Feature.Auth.EmailVerificationTest" assertions="2" time="0.016749"/>
        <testcase name="`invalid verification` → email is not verified with invalid user id" file="tests/Feature/Auth/EmailVerificationTest.php::`invalid verification` → email is not verified with invalid user id" class="Tests\Feature\Auth\EmailVerificationTest" classname="Tests.Feature.Auth.EmailVerificationTest" assertions="2" time="0.016388"/>
      </testsuite>
      <testsuite name="Tests\Feature\Auth\PasswordConfirmationTest" file="tests/Feature/Auth/PasswordConfirmationTest.php" tests="2" assertions="12" errors="0" failures="0" skipped="0" time="0.038558">
        <testcase name="`password confirmation` → confirm password screen can be rendered" file="tests/Feature/Auth/PasswordConfirmationTest.php::`password confirmation` → confirm password screen can be rendered" class="Tests\Feature\Auth\PasswordConfirmationTest" classname="Tests.Feature.Auth.PasswordConfirmationTest" assertions="10" time="0.024510"/>
        <testcase name="`password confirmation` → password confirmation requires authentication" file="tests/Feature/Auth/PasswordConfirmationTest.php::`password confirmation` → password confirmation requires authentication" class="Tests\Feature\Auth\PasswordConfirmationTest" classname="Tests.Feature.Auth.PasswordConfirmationTest" assertions="2" time="0.014047"/>
      </testsuite>
      <testsuite name="Tests\Feature\Auth\PasswordResetTest" file="tests/Feature/Auth/PasswordResetTest.php" tests="5" assertions="10" errors="0" failures="0" skipped="0" time="0.945964">
        <testcase name="`password reset screen` → reset password link screen can be rendered" file="tests/Feature/Auth/PasswordResetTest.php::`password reset screen` → reset password link screen can be rendered" class="Tests\Feature\Auth\PasswordResetTest" classname="Tests.Feature.Auth.PasswordResetTest" assertions="1" time="0.017583"/>
        <testcase name="`password reset screen` → reset password screen can be rendered" file="tests/Feature/Auth/PasswordResetTest.php::`password reset screen` → reset password screen can be rendered" class="Tests\Feature\Auth\PasswordResetTest" classname="Tests.Feature.Auth.PasswordResetTest" assertions="2" time="0.232914"/>
        <testcase name="`password reset request` → reset password link can be requested" file="tests/Feature/Auth/PasswordResetTest.php::`password reset request` → reset password link can be requested" class="Tests\Feature\Auth\PasswordResetTest" classname="Tests.Feature.Auth.PasswordResetTest" assertions="1" time="0.222600"/>
        <testcase name="`password reset` → password can be reset with valid token" file="tests/Feature/Auth/PasswordResetTest.php::`password reset` → password can be reset with valid token" class="Tests\Feature\Auth\PasswordResetTest" classname="Tests.Feature.Auth.PasswordResetTest" assertions="4" time="0.246175"/>
        <testcase name="`password reset` → password cannot be reset with invalid token" file="tests/Feature/Auth/PasswordResetTest.php::`password reset` → password cannot be reset with invalid token" class="Tests\Feature\Auth\PasswordResetTest" classname="Tests.Feature.Auth.PasswordResetTest" assertions="2" time="0.226692"/>
      </testsuite>
      <testsuite name="Tests\Feature\Auth\RegistrationTest" file="tests/Feature/Auth/RegistrationTest.php" tests="2" assertions="4" errors="0" failures="0" skipped="0" time="0.046317">
        <testcase name="`registration` → registration screen can be rendered" file="tests/Feature/Auth/RegistrationTest.php::`registration` → registration screen can be rendered" class="Tests\Feature\Auth\RegistrationTest" classname="Tests.Feature.Auth.RegistrationTest" assertions="1" time="0.025466"/>
        <testcase name="`registration` → new users can register" file="tests/Feature/Auth/RegistrationTest.php::`registration` → new users can register" class="Tests\Feature\Auth\RegistrationTest" classname="Tests.Feature.Auth.RegistrationTest" assertions="3" time="0.020851"/>
      </testsuite>
      <testsuite name="Tests\Feature\Auth\TwoFactorChallengeTest" file="tests/Feature/Auth/TwoFactorChallengeTest.php" tests="3" assertions="13" errors="0" failures="0" skipped="0" time="0.693700">
        <testcase name="`two factor challenge authentication` → two factor challenge redirects to login when not authenticated" file="tests/Feature/Auth/TwoFactorChallengeTest.php::`two factor challenge authentication` → two factor challenge redirects to login when not authenticated" class="Tests\Feature\Auth\TwoFactorChallengeTest" classname="Tests.Feature.Auth.TwoFactorChallengeTest" assertions="2" time="0.016611"/>
        <testcase name="`two factor challenge authentication` → two factor challenge can be rendered" file="tests/Feature/Auth/TwoFactorChallengeTest.php::`two factor challenge authentication` → two factor challenge can be rendered" class="Tests\Feature\Auth\TwoFactorChallengeTest" classname="Tests.Feature.Auth.TwoFactorChallengeTest" assertions="10" time="0.026262"/>
        <testcase name="`two factor challenge rate limiting` → two factor challenge is rate limited" file="tests/Feature/Auth/TwoFactorChallengeTest.php::`two factor challenge rate limiting` → two factor challenge is rate limited" class="Tests\Feature\Auth\TwoFactorChallengeTest" classname="Tests.Feature.Auth.TwoFactorChallengeTest" assertions="1" time="0.650826"/>
      </testsuite>
      <testsuite name="Tests\Feature\Auth\VerificationNotificationTest" file="tests/Feature/Auth/VerificationNotificationTest.php" tests="2" assertions="6" errors="0" failures="0" skipped="0" time="0.038675">
        <testcase name="`verification notification` → sends verification notification" file="tests/Feature/Auth/VerificationNotificationTest.php::`verification notification` → sends verification notification" class="Tests\Feature\Auth\VerificationNotificationTest" classname="Tests.Feature.Auth.VerificationNotificationTest" assertions="3" time="0.020806"/>
        <testcase name="`verification notification` → does not send verification notification if email is verified" file="tests/Feature/Auth/VerificationNotificationTest.php::`verification notification` → does not send verification notification if email is verified" class="Tests\Feature\Auth\VerificationNotificationTest" classname="Tests.Feature.Auth.VerificationNotificationTest" assertions="3" time="0.017869"/>
      </testsuite>
      <testsuite name="Tests\Feature\DashboardTest" file="tests/Feature/DashboardTest.php" tests="2" assertions="3" errors="0" failures="0" skipped="0" time="0.051969">
        <testcase name="`dashboard access` → guests are redirected to the login page" file="tests/Feature/DashboardTest.php::`dashboard access` → guests are redirected to the login page" class="Tests\Feature\DashboardTest" classname="Tests.Feature.DashboardTest" assertions="2" time="0.016666"/>
        <testcase name="`dashboard access` → authenticated users can visit the dashboard" file="tests/Feature/DashboardTest.php::`dashboard access` → authenticated users can visit the dashboard" class="Tests\Feature\DashboardTest" classname="Tests.Feature.DashboardTest" assertions="1" time="0.035303"/>
      </testsuite>
      <testsuite name="Tests\Feature\Http\Controllers\ArtifactControllerTest" file="tests/Feature/Http/Controllers/ArtifactControllerTest.php" tests="17" assertions="34" errors="0" failures="0" skipped="0" time="0.364234">
        <testcase name="`index` → it redirects guests to login" file="tests/Feature/Http/Controllers/ArtifactControllerTest.php::`index` → it redirects guests to login" class="Tests\Feature\Http\Controllers\ArtifactControllerTest" classname="Tests.Feature.Http.Controllers.ArtifactControllerTest" assertions="2" time="0.020305"/>
        <testcase name="`index` → it forbids accessing artifacts for another user's chat" file="tests/Feature/Http/Controllers/ArtifactControllerTest.php::`index` → it forbids accessing artifacts for another user's chat" class="Tests\Feature\Http\Controllers\ArtifactControllerTest" classname="Tests.Feature.Http.Controllers.ArtifactControllerTest" assertions="1" time="0.022328"/>
        <testcase name="`index` → it returns artifacts for a chat" file="tests/Feature/Http/Controllers/ArtifactControllerTest.php::`index` → it returns artifacts for a chat" class="Tests\Feature\Http\Controllers\ArtifactControllerTest" classname="Tests.Feature.Http.Controllers.ArtifactControllerTest" assertions="2" time="0.024550"/>
        <testcase name="`index` → it returns empty array when chat has no artifacts" file="tests/Feature/Http/Controllers/ArtifactControllerTest.php::`index` → it returns empty array when chat has no artifacts" class="Tests\Feature\Http\Controllers\ArtifactControllerTest" classname="Tests.Feature.Http.Controllers.ArtifactControllerTest" assertions="2" time="0.019358"/>
        <testcase name="`show` → it redirects guests to login" file="tests/Feature/Http/Controllers/ArtifactControllerTest.php::`show` → it redirects guests to login" class="Tests\Feature\Http\Controllers\ArtifactControllerTest" classname="Tests.Feature.Http.Controllers.ArtifactControllerTest" assertions="2" time="0.019385"/>
        <testcase name="`show` → it forbids viewing another user's artifact" file="tests/Feature/Http/Controllers/ArtifactControllerTest.php::`show` → it forbids viewing another user's artifact" class="Tests\Feature\Http\Controllers\ArtifactControllerTest" classname="Tests.Feature.Http.Controllers.ArtifactControllerTest" assertions="1" time="0.021686"/>
        <testcase name="`show` → it returns artifact json for owner" file="tests/Feature/Http/Controllers/ArtifactControllerTest.php::`show` → it returns artifact json for owner" class="Tests\Feature\Http\Controllers\ArtifactControllerTest" classname="Tests.Feature.Http.Controllers.ArtifactControllerTest" assertions="2" time="0.021839"/>
        <testcase name="`render` → it redirects guests to login" file="tests/Feature/Http/Controllers/ArtifactControllerTest.php::`render` → it redirects guests to login" class="Tests\Feature\Http\Controllers\ArtifactControllerTest" classname="Tests.Feature.Http.Controllers.ArtifactControllerTest" assertions="2" time="0.019520"/>
        <testcase name="`render` → it forbids rendering another user's artifact" file="tests/Feature/Http/Controllers/ArtifactControllerTest.php::`render` → it forbids rendering another user's artifact" class="Tests\Feature\Http\Controllers\ArtifactControllerTest" classname="Tests.Feature.Http.Controllers.ArtifactControllerTest" assertions="1" time="0.021655"/>
        <testcase name="`render` → it renders code artifact with correct headers" file="tests/Feature/Http/Controllers/ArtifactControllerTest.php::`render` → it renders code artifact with correct headers" class="Tests\Feature\Http\Controllers\ArtifactControllerTest" classname="Tests.Feature.Http.Controllers.ArtifactControllerTest" assertions="5" time="0.025649"/>
        <testcase name="`render` → it renders markdown artifact with correct view" file="tests/Feature/Http/Controllers/ArtifactControllerTest.php::`render` → it renders markdown artifact with correct view" class="Tests\Feature\Http\Controllers\ArtifactControllerTest" classname="Tests.Feature.Http.Controllers.ArtifactControllerTest" assertions="2" time="0.021519"/>
        <testcase name="`render` → it renders html artifact with correct CSP" file="tests/Feature/Http/Controllers/ArtifactControllerTest.php::`render` → it renders html artifact with correct CSP" class="Tests\Feature\Http\Controllers\ArtifactControllerTest" classname="Tests.Feature.Http.Controllers.ArtifactControllerTest" assertions="2" time="0.020820"/>
        <testcase name="`render` → it renders svg artifact with restrictive CSP" file="tests/Feature/Http/Controllers/ArtifactControllerTest.php::`render` → it renders svg artifact with restrictive CSP" class="Tests\Feature\Http\Controllers\ArtifactControllerTest" classname="Tests.Feature.Http.Controllers.ArtifactControllerTest" assertions="2" time="0.021142"/>
        <testcase name="`render` → it renders mermaid artifact correctly" file="tests/Feature/Http/Controllers/ArtifactControllerTest.php::`render` → it renders mermaid artifact correctly" class="Tests\Feature\Http\Controllers\ArtifactControllerTest" classname="Tests.Feature.Http.Controllers.ArtifactControllerTest" assertions="2" time="0.020742"/>
        <testcase name="`render` → it renders react artifact with unsafe-eval CSP" file="tests/Feature/Http/Controllers/ArtifactControllerTest.php::`render` → it renders react artifact with unsafe-eval CSP" class="Tests\Feature\Http\Controllers\ArtifactControllerTest" classname="Tests.Feature.Http.Controllers.ArtifactControllerTest" assertions="2" time="0.021178"/>
        <testcase name="`render` → it renders vue artifact with unsafe-eval CSP" file="tests/Feature/Http/Controllers/ArtifactControllerTest.php::`render` → it renders vue artifact with unsafe-eval CSP" class="Tests\Feature\Http\Controllers\ArtifactControllerTest" classname="Tests.Feature.Http.Controllers.ArtifactControllerTest" assertions="2" time="0.021298"/>
        <testcase name="`render` → it renders unknown artifact type using code renderer as fallback" file="tests/Feature/Http/Controllers/ArtifactControllerTest.php::`render` → it renders unknown artifact type using code renderer as fallback" class="Tests\Feature\Http\Controllers\ArtifactControllerTest" classname="Tests.Feature.Http.Controllers.ArtifactControllerTest" assertions="2" time="0.021261"/>
      </testsuite>
      <testsuite name="Tests\Feature\Http\Controllers\ChatControllerTest" file="tests/Feature/Http/Controllers/ChatControllerTest.php" tests="17" assertions="71" errors="0" failures="0" skipped="0" time="0.374014">
        <testcase name="`index` → it redirects guests to login" file="tests/Feature/Http/Controllers/ChatControllerTest.php::`index` → it redirects guests to login" class="Tests\Feature\Http\Controllers\ChatControllerTest" classname="Tests.Feature.Http.Controllers.ChatControllerTest" assertions="2" time="0.025425"/>
        <testcase name="`index` → it displays chats for authenticated users" file="tests/Feature/Http/Controllers/ChatControllerTest.php::`index` → it displays chats for authenticated users" class="Tests\Feature\Http\Controllers\ChatControllerTest" classname="Tests.Feature.Http.Controllers.ChatControllerTest" assertions="12" time="0.026558"/>
        <testcase name="`index` → it orders chats by updated_at descending" file="tests/Feature/Http/Controllers/ChatControllerTest.php::`index` → it orders chats by updated_at descending" class="Tests\Feature\Http\Controllers\ChatControllerTest" classname="Tests.Feature.Http.Controllers.ChatControllerTest" assertions="16" time="0.033244"/>
        <testcase name="`store` → it creates a chat and redirects to show" file="tests/Feature/Http/Controllers/ChatControllerTest.php::`store` → it creates a chat and redirects to show" class="Tests\Feature\Http\Controllers\ChatControllerTest" classname="Tests.Feature.Http.Controllers.ChatControllerTest" assertions="2" time="0.020902"/>
        <testcase name="`store` → it truncates title to 50 characters plus ellipsis" file="tests/Feature/Http/Controllers/ChatControllerTest.php::`store` → it truncates title to 50 characters plus ellipsis" class="Tests\Feature\Http\Controllers\ChatControllerTest" classname="Tests.Feature.Http.Controllers.ChatControllerTest" assertions="3" time="0.020227"/>
        <testcase name="`store` → it requires message field" file="tests/Feature/Http/Controllers/ChatControllerTest.php::`store` → it requires message field" class="Tests\Feature\Http\Controllers\ChatControllerTest" classname="Tests.Feature.Http.Controllers.ChatControllerTest" assertions="2" time="0.017910"/>
        <testcase name="`store` → it requires ai_model_id field" file="tests/Feature/Http/Controllers/ChatControllerTest.php::`store` → it requires ai_model_id field" class="Tests\Feature\Http\Controllers\ChatControllerTest" classname="Tests.Feature.Http.Controllers.ChatControllerTest" assertions="2" time="0.019349"/>
        <testcase name="`store` → it requires a valid ai_model_id" file="tests/Feature/Http/Controllers/ChatControllerTest.php::`store` → it requires a valid ai_model_id" class="Tests\Feature\Http\Controllers\ChatControllerTest" classname="Tests.Feature.Http.Controllers.ChatControllerTest" assertions="2" time="0.018101"/>
        <testcase name="`show` → it redirects guests to login" file="tests/Feature/Http/Controllers/ChatControllerTest.php::`show` → it redirects guests to login" class="Tests\Feature\Http\Controllers\ChatControllerTest" classname="Tests.Feature.Http.Controllers.ChatControllerTest" assertions="2" time="0.019385"/>
        <testcase name="`show` → it displays the chat for the owner" file="tests/Feature/Http/Controllers/ChatControllerTest.php::`show` → it displays the chat for the owner" class="Tests\Feature\Http\Controllers\ChatControllerTest" classname="Tests.Feature.Http.Controllers.ChatControllerTest" assertions="15" time="0.031892"/>
        <testcase name="`show` → it forbids viewing another user's chat" file="tests/Feature/Http/Controllers/ChatControllerTest.php::`show` → it forbids viewing another user's chat" class="Tests\Feature\Http\Controllers\ChatControllerTest" classname="Tests.Feature.Http.Controllers.ChatControllerTest" assertions="1" time="0.020152"/>
        <testcase name="`update` → it updates the chat ai model" file="tests/Feature/Http/Controllers/ChatControllerTest.php::`update` → it updates the chat ai model" class="Tests\Feature\Http\Controllers\ChatControllerTest" classname="Tests.Feature.Http.Controllers.ChatControllerTest" assertions="2" time="0.021929"/>
        <testcase name="`update` → it updates the chat title" file="tests/Feature/Http/Controllers/ChatControllerTest.php::`update` → it updates the chat title" class="Tests\Feature\Http\Controllers\ChatControllerTest" classname="Tests.Feature.Http.Controllers.ChatControllerTest" assertions="2" time="0.021207"/>
        <testcase name="`update` → it forbids updating another user's chat" file="tests/Feature/Http/Controllers/ChatControllerTest.php::`update` → it forbids updating another user's chat" class="Tests\Feature\Http\Controllers\ChatControllerTest" classname="Tests.Feature.Http.Controllers.ChatControllerTest" assertions="1" time="0.019807"/>
        <testcase name="`update` → it validates title max length" file="tests/Feature/Http/Controllers/ChatControllerTest.php::`update` → it validates title max length" class="Tests\Feature\Http\Controllers\ChatControllerTest" classname="Tests.Feature.Http.Controllers.ChatControllerTest" assertions="2" time="0.018875"/>
        <testcase name="`destroy` → it deletes the chat and redirects to index" file="tests/Feature/Http/Controllers/ChatControllerTest.php::`destroy` → it deletes the chat and redirects to index" class="Tests\Feature\Http\Controllers\ChatControllerTest" classname="Tests.Feature.Http.Controllers.ChatControllerTest" assertions="3" time="0.019336"/>
        <testcase name="`destroy` → it forbids deleting another user's chat" file="tests/Feature/Http/Controllers/ChatControllerTest.php::`destroy` → it forbids deleting another user's chat" class="Tests\Feature\Http\Controllers\ChatControllerTest" classname="Tests.Feature.Http.Controllers.ChatControllerTest" assertions="2" time="0.019716"/>
      </testsuite>
      <testsuite name="Tests\Feature\Http\Controllers\ChatStreamControllerTest" file="tests/Feature/Http/Controllers/ChatStreamControllerTest.php" tests="33" assertions="56" errors="0" failures="0" skipped="0" time="0.745427">
        <testcase name="`authentication` → it redirects guests to login" file="tests/Feature/Http/Controllers/ChatStreamControllerTest.php::`authentication` → it redirects guests to login" class="Tests\Feature\Http\Controllers\ChatStreamControllerTest" classname="Tests.Feature.Http.Controllers.ChatStreamControllerTest" assertions="2" time="0.037784"/>
        <testcase name="`authentication` → it forbids streaming to another user's chat" file="tests/Feature/Http/Controllers/ChatStreamControllerTest.php::`authentication` → it forbids streaming to another user's chat" class="Tests\Feature\Http\Controllers\ChatStreamControllerTest" classname="Tests.Feature.Http.Controllers.ChatStreamControllerTest" assertions="1" time="0.023592"/>
        <testcase name="`validation` → it requires a message field" file="tests/Feature/Http/Controllers/ChatStreamControllerTest.php::`validation` → it requires a message field" class="Tests\Feature\Http\Controllers\ChatStreamControllerTest" classname="Tests.Feature.Http.Controllers.ChatStreamControllerTest" assertions="2" time="0.020192"/>
        <testcase name="`validation` → it requires message to be a string" file="tests/Feature/Http/Controllers/ChatStreamControllerTest.php::`validation` → it requires message to be a string" class="Tests\Feature\Http\Controllers\ChatStreamControllerTest" classname="Tests.Feature.Http.Controllers.ChatStreamControllerTest" assertions="2" time="0.020332"/>
        <testcase name="`validation` → it enforces maximum message length" file="tests/Feature/Http/Controllers/ChatStreamControllerTest.php::`validation` → it enforces maximum message length" class="Tests\Feature\Http\Controllers\ChatStreamControllerTest" classname="Tests.Feature.Http.Controllers.ChatStreamControllerTest" assertions="2" time="0.025233"/>
        <testcase name="`validation` → it validates ai_model_id when provided" file="tests/Feature/Http/Controllers/ChatStreamControllerTest.php::`validation` → it validates ai_model_id when provided" class="Tests\Feature\Http\Controllers\ChatStreamControllerTest" classname="Tests.Feature.Http.Controllers.ChatStreamControllerTest" assertions="2" time="0.019396"/>
        <testcase name="`validation` → it allows nullable ai_model_id field" file="tests/Feature/Http/Controllers/ChatStreamControllerTest.php::`validation` → it allows nullable ai_model_id field" class="Tests\Feature\Http\Controllers\ChatStreamControllerTest" classname="Tests.Feature.Http.Controllers.ChatStreamControllerTest" assertions="1" time="0.021194"/>
        <testcase name="`validation` → it allows valid ai_model_id when provided" file="tests/Feature/Http/Controllers/ChatStreamControllerTest.php::`validation` → it allows valid ai_model_id when provided" class="Tests\Feature\Http\Controllers\ChatStreamControllerTest" classname="Tests.Feature.Http.Controllers.ChatStreamControllerTest" assertions="1" time="0.021063"/>
        <testcase name="`streaming` → it creates a user message and returns streamed response" file="tests/Feature/Http/Controllers/ChatStreamControllerTest.php::`streaming` → it creates a user message and returns streamed response" class="Tests\Feature\Http\Controllers\ChatStreamControllerTest" classname="Tests.Feature.Http.Controllers.ChatStreamControllerTest" assertions="4" time="0.020355"/>
        <testcase name="`streaming` → it trims whitespace from message" file="tests/Feature/Http/Controllers/ChatStreamControllerTest.php::`streaming` → it trims whitespace from message" class="Tests\Feature\Http\Controllers\ChatStreamControllerTest" classname="Tests.Feature.Http.Controllers.ChatStreamControllerTest" assertions="2" time="0.019787"/>
        <testcase name="`streaming` → it builds conversation history from existing messages" file="tests/Feature/Http/Controllers/ChatStreamControllerTest.php::`streaming` → it builds conversation history from existing messages" class="Tests\Feature\Http\Controllers\ChatStreamControllerTest" classname="Tests.Feature.Http.Controllers.ChatStreamControllerTest" assertions="2" time="0.024600"/>
        <testcase name="`streaming` → it streams response with text chunks and creates assistant message" file="tests/Feature/Http/Controllers/ChatStreamControllerTest.php::`streaming` → it streams response with text chunks and creates assistant message" class="Tests\Feature\Http\Controllers\ChatStreamControllerTest" classname="Tests.Feature.Http.Controllers.ChatStreamControllerTest" assertions="4" time="0.035391"/>
        <testcase name="`streaming` → it updates chat timestamp after successful stream" file="tests/Feature/Http/Controllers/ChatStreamControllerTest.php::`streaming` → it updates chat timestamp after successful stream" class="Tests\Feature\Http\Controllers\ChatStreamControllerTest" classname="Tests.Feature.Http.Controllers.ChatStreamControllerTest" assertions="2" time="0.025104"/>
        <testcase name="`streaming` → it handles empty response by deleting assistant message" file="tests/Feature/Http/Controllers/ChatStreamControllerTest.php::`streaming` → it handles empty response by deleting assistant message" class="Tests\Feature\Http\Controllers\ChatStreamControllerTest" classname="Tests.Feature.Http.Controllers.ChatStreamControllerTest" assertions="3" time="0.023265"/>
        <testcase name="`tools` → it handles tool calls and tool results with artifact creation" file="tests/Feature/Http/Controllers/ChatStreamControllerTest.php::`tools` → it handles tool calls and tool results with artifact creation" class="Tests\Feature\Http\Controllers\ChatStreamControllerTest" classname="Tests.Feature.Http.Controllers.ChatStreamControllerTest" assertions="2" time="0.027913"/>
        <testcase name="`tools` → it handles tool result without matching artifact" file="tests/Feature/Http/Controllers/ChatStreamControllerTest.php::`tools` → it handles tool result without matching artifact" class="Tests\Feature\Http\Controllers\ChatStreamControllerTest" classname="Tests.Feature.Http.Controllers.ChatStreamControllerTest" assertions="2" time="0.023067"/>
        <testcase name="`tools` → it enables tools only when model supports tools and message contains trigger words" file="tests/Feature/Http/Controllers/ChatStreamControllerTest.php::`tools` → it enables tools only when model supports tools and message contains trigger words" class="Tests\Feature\Http\Controllers\ChatStreamControllerTest" classname="Tests.Feature.Http.Controllers.ChatStreamControllerTest" assertions="2" time="0.023698"/>
        <testcase name="`tools` → it does not enable tools for regular questions" file="tests/Feature/Http/Controllers/ChatStreamControllerTest.php::`tools` → it does not enable tools for regular questions" class="Tests\Feature\Http\Controllers\ChatStreamControllerTest" classname="Tests.Feature.Http.Controllers.ChatStreamControllerTest" assertions="4" time="0.025454"/>
        <testsuite name="`tools` → it detects various artifact trigger wor" tests="14" assertions="14" errors="0" failures="0" skipped="0" time="0.282519">
          <testcase name="`tools` → it detects various artifact trigger words with data set &quot;dataset &quot;create trigger&quot;&quot;" file="tests/Feature/Http/Controllers/ChatStreamControllerTest.php::`tools` → it detects various artifact trigger words with data set &quot;dataset &quot;create trigger&quot;&quot;" class="Tests\Feature\Http\Controllers\ChatStreamControllerTest" classname="Tests.Feature.Http.Controllers.ChatStreamControllerTest" assertions="1" time="0.020312"/>
          <testcase name="`tools` → it detects various artifact trigger words with data set &quot;dataset &quot;build trigger&quot;&quot;" file="tests/Feature/Http/Controllers/ChatStreamControllerTest.php::`tools` → it detects various artifact trigger words with data set &quot;dataset &quot;build trigger&quot;&quot;" class="Tests\Feature\Http\Controllers\ChatStreamControllerTest" classname="Tests.Feature.Http.Controllers.ChatStreamControllerTest" assertions="1" time="0.019489"/>
          <testcase name="`tools` → it detects various artifact trigger words with data set &quot;dataset &quot;generate trigger&quot;&quot;" file="tests/Feature/Http/Controllers/ChatStreamControllerTest.php::`tools` → it detects various artifact trigger words with data set &quot;dataset &quot;generate trigger&quot;&quot;" class="Tests\Feature\Http\Controllers\ChatStreamControllerTest" classname="Tests.Feature.Http.Controllers.ChatStreamControllerTest" assertions="1" time="0.022763"/>
          <testcase name="`tools` → it detects various artifact trigger words with data set &quot;dataset &quot;diagram trigger&quot;&quot;" file="tests/Feature/Http/Controllers/ChatStreamControllerTest.php::`tools` → it detects various artifact trigger words with data set &quot;dataset &quot;diagram trigger&quot;&quot;" class="Tests\Feature\Http\Controllers\ChatStreamControllerTest" classname="Tests.Feature.Http.Controllers.ChatStreamControllerTest" assertions="1" time="0.021498"/>
          <testcase name="`tools` → it detects various artifact trigger words with data set &quot;dataset &quot;dashboard trigger&quot;&quot;" file="tests/Feature/Http/Controllers/ChatStreamControllerTest.php::`tools` → it detects various artifact trigger words with data set &quot;dataset &quot;dashboard trigger&quot;&quot;" class="Tests\Feature\Http\Controllers\ChatStreamControllerTest" classname="Tests.Feature.Http.Controllers.ChatStreamControllerTest" assertions="1" time="0.021294"/>
          <testcase name="`tools` → it detects various artifact trigger words with data set &quot;dataset &quot;chart trigger&quot;&quot;" file="tests/Feature/Http/Controllers/ChatStreamControllerTest.php::`tools` → it detects various artifact trigger words with data set &quot;dataset &quot;chart trigger&quot;&quot;" class="Tests\Feature\Http\Controllers\ChatStreamControllerTest" classname="Tests.Feature.Http.Controllers.ChatStreamControllerTest" assertions="1" time="0.019975"/>
          <testcase name="`tools` → it detects various artifact trigger words with data set &quot;dataset &quot;graph trigger&quot;&quot;" file="tests/Feature/Http/Controllers/ChatStreamControllerTest.php::`tools` → it detects various artifact trigger words with data set &quot;dataset &quot;graph trigger&quot;&quot;" class="Tests\Feature\Http\Controllers\ChatStreamControllerTest" classname="Tests.Feature.Http.Controllers.ChatStreamControllerTest" assertions="1" time="0.019958"/>
          <testcase name="`tools` → it detects various artifact trigger words with data set &quot;dataset &quot;visualization trigger&quot;&quot;" file="tests/Feature/Http/Controllers/ChatStreamControllerTest.php::`tools` → it detects various artifact trigger words with data set &quot;dataset &quot;visualization trigger&quot;&quot;" class="Tests\Feature\Http\Controllers\ChatStreamControllerTest" classname="Tests.Feature.Http.Controllers.ChatStreamControllerTest" assertions="1" time="0.019637"/>
          <testcase name="`tools` → it detects various artifact trigger words with data set &quot;dataset &quot;flowchart trigger&quot;&quot;" file="tests/Feature/Http/Controllers/ChatStreamControllerTest.php::`tools` → it detects various artifact trigger words with data set &quot;dataset &quot;flowchart trigger&quot;&quot;" class="Tests\Feature\Http\Controllers\ChatStreamControllerTest" classname="Tests.Feature.Http.Controllers.ChatStreamControllerTest" assertions="1" time="0.019555"/>
          <testcase name="`tools` → it detects various artifact trigger words with data set &quot;dataset &quot;react trigger&quot;&quot;" file="tests/Feature/Http/Controllers/ChatStreamControllerTest.php::`tools` → it detects various artifact trigger words with data set &quot;dataset &quot;react trigger&quot;&quot;" class="Tests\Feature\Http\Controllers\ChatStreamControllerTest" classname="Tests.Feature.Http.Controllers.ChatStreamControllerTest" assertions="1" time="0.019743"/>
          <testcase name="`tools` → it detects various artifact trigger words with data set &quot;dataset &quot;vue trigger&quot;&quot;" file="tests/Feature/Http/Controllers/ChatStreamControllerTest.php::`tools` → it detects various artifact trigger words with data set &quot;dataset &quot;vue trigger&quot;&quot;" class="Tests\Feature\Http\Controllers\ChatStreamControllerTest" classname="Tests.Feature.Http.Controllers.ChatStreamControllerTest" assertions="1" time="0.019496"/>
          <testcase name="`tools` → it detects various artifact trigger words with data set &quot;dataset &quot;mermaid trigger&quot;&quot;" file="tests/Feature/Http/Controllers/ChatStreamControllerTest.php::`tools` → it detects various artifact trigger words with data set &quot;dataset &quot;mermaid trigger&quot;&quot;" class="Tests\Feature\Http\Controllers\ChatStreamControllerTest" classname="Tests.Feature.Http.Controllers.ChatStreamControllerTest" assertions="1" time="0.019697"/>
          <testcase name="`tools` → it detects various artifact trigger words with data set &quot;dataset &quot;svg trigger&quot;&quot;" file="tests/Feature/Http/Controllers/ChatStreamControllerTest.php::`tools` → it detects various artifact trigger words with data set &quot;dataset &quot;svg trigger&quot;&quot;" class="Tests\Feature\Http\Controllers\ChatStreamControllerTest" classname="Tests.Feature.Http.Controllers.ChatStreamControllerTest" assertions="1" time="0.019670"/>
          <testcase name="`tools` → it detects various artifact trigger words with data set &quot;dataset &quot;case insensitive&quot;&quot;" file="tests/Feature/Http/Controllers/ChatStreamControllerTest.php::`tools` → it detects various artifact trigger words with data set &quot;dataset &quot;case insensitive&quot;&quot;" class="Tests\Feature\Http\Controllers\ChatStreamControllerTest" classname="Tests.Feature.Http.Controllers.ChatStreamControllerTest" assertions="1" time="0.019430"/>
        </testsuite>
        <testcase name="`error handling` → it handles stream error gracefully" file="tests/Feature/Http/Controllers/ChatStreamControllerTest.php::`error handling` → it handles stream error gracefully" class="Tests\Feature\Http\Controllers\ChatStreamControllerTest" classname="Tests.Feature.Http.Controllers.ChatStreamControllerTest" assertions="2" time="0.025490"/>
      </testsuite>
      <testsuite name="Tests\Feature\Http\Controllers\Settings\ProviderCredentialControllerTest" file="tests/Feature/Http/Controllers/Settings/ProviderCredentialControllerTest.php" tests="19" assertions="65" errors="0" failures="0" skipped="0" time="0.404579">
        <testcase name="`index` → it redirects guests to login" file="tests/Feature/Http/Controllers/Settings/ProviderCredentialControllerTest.php::`index` → it redirects guests to login" class="Tests\Feature\Http\Controllers\Settings\ProviderCredentialControllerTest" classname="Tests.Feature.Http.Controllers.Settings.ProviderCredentialControllerTest" assertions="2" time="0.036434"/>
        <testcase name="`index` → it displays provider settings page" file="tests/Feature/Http/Controllers/Settings/ProviderCredentialControllerTest.php::`index` → it displays provider settings page" class="Tests\Feature\Http\Controllers\Settings\ProviderCredentialControllerTest" classname="Tests.Feature.Http.Controllers.Settings.ProviderCredentialControllerTest" assertions="12" time="0.024646"/>
        <testcase name="`index` → it includes user credentials" file="tests/Feature/Http/Controllers/Settings/ProviderCredentialControllerTest.php::`index` → it includes user credentials" class="Tests\Feature\Http\Controllers\Settings\ProviderCredentialControllerTest" classname="Tests.Feature.Http.Controllers.Settings.ProviderCredentialControllerTest" assertions="11" time="0.023253"/>
        <testcase name="`index` → it only shows credentials for the authenticated user" file="tests/Feature/Http/Controllers/Settings/ProviderCredentialControllerTest.php::`index` → it only shows credentials for the authenticated user" class="Tests\Feature\Http\Controllers\Settings\ProviderCredentialControllerTest" classname="Tests.Feature.Http.Controllers.Settings.ProviderCredentialControllerTest" assertions="11" time="0.021882"/>
        <testcase name="`store` → it creates credential with valid data" file="tests/Feature/Http/Controllers/Settings/ProviderCredentialControllerTest.php::`store` → it creates credential with valid data" class="Tests\Feature\Http\Controllers\Settings\ProviderCredentialControllerTest" classname="Tests.Feature.Http.Controllers.Settings.ProviderCredentialControllerTest" assertions="2" time="0.026412"/>
        <testcase name="`store` → it prevents duplicate provider" file="tests/Feature/Http/Controllers/Settings/ProviderCredentialControllerTest.php::`store` → it prevents duplicate provider" class="Tests\Feature\Http\Controllers\Settings\ProviderCredentialControllerTest" classname="Tests.Feature.Http.Controllers.Settings.ProviderCredentialControllerTest" assertions="2" time="0.017975"/>
        <testcase name="`store` → it validates provider is allowed" file="tests/Feature/Http/Controllers/Settings/ProviderCredentialControllerTest.php::`store` → it validates provider is allowed" class="Tests\Feature\Http\Controllers\Settings\ProviderCredentialControllerTest" classname="Tests.Feature.Http.Controllers.Settings.ProviderCredentialControllerTest" assertions="2" time="0.018655"/>
        <testcase name="`store` → it requires provider field" file="tests/Feature/Http/Controllers/Settings/ProviderCredentialControllerTest.php::`store` → it requires provider field" class="Tests\Feature\Http\Controllers\Settings\ProviderCredentialControllerTest" classname="Tests.Feature.Http.Controllers.Settings.ProviderCredentialControllerTest" assertions="2" time="0.017398"/>
        <testcase name="`store` → it requires api_key field" file="tests/Feature/Http/Controllers/Settings/ProviderCredentialControllerTest.php::`store` → it requires api_key field" class="Tests\Feature\Http\Controllers\Settings\ProviderCredentialControllerTest" classname="Tests.Feature.Http.Controllers.Settings.ProviderCredentialControllerTest" assertions="2" time="0.016319"/>
        <testcase name="`store` → it validates api_key minimum length" file="tests/Feature/Http/Controllers/Settings/ProviderCredentialControllerTest.php::`store` → it validates api_key minimum length" class="Tests\Feature\Http\Controllers\Settings\ProviderCredentialControllerTest" classname="Tests.Feature.Http.Controllers.Settings.ProviderCredentialControllerTest" assertions="2" time="0.016153"/>
        <testcase name="`update` → it updates own credential" file="tests/Feature/Http/Controllers/Settings/ProviderCredentialControllerTest.php::`update` → it updates own credential" class="Tests\Feature\Http\Controllers\Settings\ProviderCredentialControllerTest" classname="Tests.Feature.Http.Controllers.Settings.ProviderCredentialControllerTest" assertions="2" time="0.024993"/>
        <testcase name="`update` → it prevents updating other user credential" file="tests/Feature/Http/Controllers/Settings/ProviderCredentialControllerTest.php::`update` → it prevents updating other user credential" class="Tests\Feature\Http\Controllers\Settings\ProviderCredentialControllerTest" classname="Tests.Feature.Http.Controllers.Settings.ProviderCredentialControllerTest" assertions="1" time="0.018942"/>
        <testcase name="`update` → it requires api_key field" file="tests/Feature/Http/Controllers/Settings/ProviderCredentialControllerTest.php::`update` → it requires api_key field" class="Tests\Feature\Http\Controllers\Settings\ProviderCredentialControllerTest" classname="Tests.Feature.Http.Controllers.Settings.ProviderCredentialControllerTest" assertions="2" time="0.019326"/>
        <testcase name="`update` → it validates api_key minimum length" file="tests/Feature/Http/Controllers/Settings/ProviderCredentialControllerTest.php::`update` → it validates api_key minimum length" class="Tests\Feature\Http\Controllers\Settings\ProviderCredentialControllerTest" classname="Tests.Feature.Http.Controllers.Settings.ProviderCredentialControllerTest" assertions="2" time="0.018771"/>
        <testcase name="`destroy` → it deletes own credential" file="tests/Feature/Http/Controllers/Settings/ProviderCredentialControllerTest.php::`destroy` → it deletes own credential" class="Tests\Feature\Http\Controllers\Settings\ProviderCredentialControllerTest" classname="Tests.Feature.Http.Controllers.Settings.ProviderCredentialControllerTest" assertions="2" time="0.025040"/>
        <testcase name="`destroy` → it prevents deleting other user credential" file="tests/Feature/Http/Controllers/Settings/ProviderCredentialControllerTest.php::`destroy` → it prevents deleting other user credential" class="Tests\Feature\Http\Controllers\Settings\ProviderCredentialControllerTest" classname="Tests.Feature.Http.Controllers.Settings.ProviderCredentialControllerTest" assertions="2" time="0.018211"/>
        <testcase name="`toggle` → it toggles credential enabled state from true to false" file="tests/Feature/Http/Controllers/Settings/ProviderCredentialControllerTest.php::`toggle` → it toggles credential enabled state from true to false" class="Tests\Feature\Http\Controllers\Settings\ProviderCredentialControllerTest" classname="Tests.Feature.Http.Controllers.Settings.ProviderCredentialControllerTest" assertions="2" time="0.017776"/>
        <testcase name="`toggle` → it toggles credential enabled state from false to true" file="tests/Feature/Http/Controllers/Settings/ProviderCredentialControllerTest.php::`toggle` → it toggles credential enabled state from false to true" class="Tests\Feature\Http\Controllers\Settings\ProviderCredentialControllerTest" classname="Tests.Feature.Http.Controllers.Settings.ProviderCredentialControllerTest" assertions="2" time="0.023626"/>
        <testcase name="`toggle` → it prevents toggling other user credential" file="tests/Feature/Http/Controllers/Settings/ProviderCredentialControllerTest.php::`toggle` → it prevents toggling other user credential" class="Tests\Feature\Http\Controllers\Settings\ProviderCredentialControllerTest" classname="Tests.Feature.Http.Controllers.Settings.ProviderCredentialControllerTest" assertions="2" time="0.018766"/>
      </testsuite>
      <testsuite name="Tests\Feature\Http\Requests\StoreAgentRequestTest" file="tests/Feature/Http/Requests/StoreAgentRequestTest.php" tests="9" assertions="14" errors="0" failures="0" skipped="0" time="0.121445">
        <testcase name="`authorization` → it authorizes all authenticated users" file="tests/Feature/Http/Requests/StoreAgentRequestTest.php::`authorization` → it authorizes all authenticated users" class="Tests\Feature\Http\Requests\StoreAgentRequestTest" classname="Tests.Feature.Http.Requests.StoreAgentRequestTest" assertions="1" time="0.025493"/>
        <testcase name="`required field validation` → it requires name field" file="tests/Feature/Http/Requests/StoreAgentRequestTest.php::`required field validation` → it requires name field" class="Tests\Feature\Http\Requests\StoreAgentRequestTest" classname="Tests.Feature.Http.Requests.StoreAgentRequestTest" assertions="2" time="0.012287"/>
        <testcase name="`required field validation` → it requires description field" file="tests/Feature/Http/Requests/StoreAgentRequestTest.php::`required field validation` → it requires description field" class="Tests\Feature\Http\Requests\StoreAgentRequestTest" classname="Tests.Feature.Http.Requests.StoreAgentRequestTest" assertions="2" time="0.011999"/>
        <testcase name="`required field validation` → it validates name max length" file="tests/Feature/Http/Requests/StoreAgentRequestTest.php::`required field validation` → it validates name max length" class="Tests\Feature\Http\Requests\StoreAgentRequestTest" classname="Tests.Feature.Http.Requests.StoreAgentRequestTest" assertions="2" time="0.012171"/>
        <testcase name="`optional field validation` → it allows nullable system_prompt" file="tests/Feature/Http/Requests/StoreAgentRequestTest.php::`optional field validation` → it allows nullable system_prompt" class="Tests\Feature\Http\Requests\StoreAgentRequestTest" classname="Tests.Feature.Http.Requests.StoreAgentRequestTest" assertions="1" time="0.011809"/>
        <testcase name="`optional field validation` → it allows nullable avatar" file="tests/Feature/Http/Requests/StoreAgentRequestTest.php::`optional field validation` → it allows nullable avatar" class="Tests\Feature\Http\Requests\StoreAgentRequestTest" classname="Tests.Feature.Http.Requests.StoreAgentRequestTest" assertions="1" time="0.011867"/>
        <testcase name="`array field validation` → it validates tools as array" file="tests/Feature/Http/Requests/StoreAgentRequestTest.php::`array field validation` → it validates tools as array" class="Tests\Feature\Http\Requests\StoreAgentRequestTest" classname="Tests.Feature.Http.Requests.StoreAgentRequestTest" assertions="2" time="0.011937"/>
        <testcase name="`array field validation` → it validates capabilities as array" file="tests/Feature/Http/Requests/StoreAgentRequestTest.php::`array field validation` → it validates capabilities as array" class="Tests\Feature\Http\Requests\StoreAgentRequestTest" classname="Tests.Feature.Http.Requests.StoreAgentRequestTest" assertions="2" time="0.011940"/>
        <testcase name="`valid data` → it passes with valid data" file="tests/Feature/Http/Requests/StoreAgentRequestTest.php::`valid data` → it passes with valid data" class="Tests\Feature\Http\Requests\StoreAgentRequestTest" classname="Tests.Feature.Http.Requests.StoreAgentRequestTest" assertions="1" time="0.011942"/>
      </testsuite>
      <testsuite name="Tests\Feature\Http\Requests\UpdateAgentRequestTest" file="tests/Feature/Http/Requests/UpdateAgentRequestTest.php" tests="8" assertions="11" errors="0" failures="0" skipped="0" time="0.109578">
        <testcase name="`authorization` → it authorizes owner to update their agent" file="tests/Feature/Http/Requests/UpdateAgentRequestTest.php::`authorization` → it authorizes owner to update their agent" class="Tests\Feature\Http\Requests\UpdateAgentRequestTest" classname="Tests.Feature.Http.Requests.UpdateAgentRequestTest" assertions="1" time="0.021165"/>
        <testcase name="`authorization` → it denies update for system agents (null user_id)" file="tests/Feature/Http/Requests/UpdateAgentRequestTest.php::`authorization` → it denies update for system agents (null user_id)" class="Tests\Feature\Http\Requests\UpdateAgentRequestTest" classname="Tests.Feature.Http.Requests.UpdateAgentRequestTest" assertions="1" time="0.013577"/>
        <testcase name="`authorization` → it denies update for other users agents" file="tests/Feature/Http/Requests/UpdateAgentRequestTest.php::`authorization` → it denies update for other users agents" class="Tests\Feature\Http\Requests\UpdateAgentRequestTest" classname="Tests.Feature.Http.Requests.UpdateAgentRequestTest" assertions="1" time="0.014298"/>
        <testcase name="`authorization` → it denies when agent is not found" file="tests/Feature/Http/Requests/UpdateAgentRequestTest.php::`authorization` → it denies when agent is not found" class="Tests\Feature\Http\Requests\UpdateAgentRequestTest" classname="Tests.Feature.Http.Requests.UpdateAgentRequestTest" assertions="1" time="0.012848"/>
        <testcase name="`required field validation` → it requires name field" file="tests/Feature/Http/Requests/UpdateAgentRequestTest.php::`required field validation` → it requires name field" class="Tests\Feature\Http\Requests\UpdateAgentRequestTest" classname="Tests.Feature.Http.Requests.UpdateAgentRequestTest" assertions="2" time="0.011970"/>
        <testcase name="`required field validation` → it requires description field" file="tests/Feature/Http/Requests/UpdateAgentRequestTest.php::`required field validation` → it requires description field" class="Tests\Feature\Http\Requests\UpdateAgentRequestTest" classname="Tests.Feature.Http.Requests.UpdateAgentRequestTest" assertions="2" time="0.011859"/>
        <testcase name="`field type validation` → it validates is_active as boolean" file="tests/Feature/Http/Requests/UpdateAgentRequestTest.php::`field type validation` → it validates is_active as boolean" class="Tests\Feature\Http\Requests\UpdateAgentRequestTest" classname="Tests.Feature.Http.Requests.UpdateAgentRequestTest" assertions="2" time="0.012017"/>
        <testcase name="`valid data` → it passes with valid update data" file="tests/Feature/Http/Requests/UpdateAgentRequestTest.php::`valid data` → it passes with valid update data" class="Tests\Feature\Http\Requests\UpdateAgentRequestTest" classname="Tests.Feature.Http.Requests.UpdateAgentRequestTest" assertions="1" time="0.011845"/>
      </testsuite>
      <testsuite name="Tests\Feature\Http\Requests\UpdateChatRequestTest" file="tests/Feature/Http/Requests/UpdateChatRequestTest.php" tests="8" assertions="11" errors="0" failures="0" skipped="0" time="0.112434">
        <testcase name="`authorization` → it authorizes owner to update their chat" file="tests/Feature/Http/Requests/UpdateChatRequestTest.php::`authorization` → it authorizes owner to update their chat" class="Tests\Feature\Http\Requests\UpdateChatRequestTest" classname="Tests.Feature.Http.Requests.UpdateChatRequestTest" assertions="1" time="0.020276"/>
        <testcase name="`authorization` → it denies update for other users chats" file="tests/Feature/Http/Requests/UpdateChatRequestTest.php::`authorization` → it denies update for other users chats" class="Tests\Feature\Http\Requests\UpdateChatRequestTest" classname="Tests.Feature.Http.Requests.UpdateChatRequestTest" assertions="1" time="0.015675"/>
        <testcase name="`authorization` → it denies when chat is not found" file="tests/Feature/Http/Requests/UpdateChatRequestTest.php::`authorization` → it denies when chat is not found" class="Tests\Feature\Http\Requests\UpdateChatRequestTest" classname="Tests.Feature.Http.Requests.UpdateChatRequestTest" assertions="1" time="0.016196"/>
        <testcase name="`validation` → it validates ai_model_id as optional integer" file="tests/Feature/Http/Requests/UpdateChatRequestTest.php::`validation` → it validates ai_model_id as optional integer" class="Tests\Feature\Http\Requests\UpdateChatRequestTest" classname="Tests.Feature.Http.Requests.UpdateChatRequestTest" assertions="2" time="0.012421"/>
        <testcase name="`validation` → it validates ai_model_id must exist in database" file="tests/Feature/Http/Requests/UpdateChatRequestTest.php::`validation` → it validates ai_model_id must exist in database" class="Tests\Feature\Http\Requests\UpdateChatRequestTest" classname="Tests.Feature.Http.Requests.UpdateChatRequestTest" assertions="2" time="0.011849"/>
        <testcase name="`validation` → it validates title max length" file="tests/Feature/Http/Requests/UpdateChatRequestTest.php::`validation` → it validates title max length" class="Tests\Feature\Http\Requests\UpdateChatRequestTest" classname="Tests.Feature.Http.Requests.UpdateChatRequestTest" assertions="2" time="0.011645"/>
        <testcase name="`validation` → it passes with valid update data" file="tests/Feature/Http/Requests/UpdateChatRequestTest.php::`validation` → it passes with valid update data" class="Tests\Feature\Http\Requests\UpdateChatRequestTest" classname="Tests.Feature.Http.Requests.UpdateChatRequestTest" assertions="1" time="0.013037"/>
        <testcase name="`validation` → it passes with empty data since fields are optional" file="tests/Feature/Http/Requests/UpdateChatRequestTest.php::`validation` → it passes with empty data since fields are optional" class="Tests\Feature\Http\Requests\UpdateChatRequestTest" classname="Tests.Feature.Http.Requests.UpdateChatRequestTest" assertions="1" time="0.011335"/>
      </testsuite>
      <testsuite name="Tests\Feature\Jobs\GenerateChatTitleTest" file="tests/Feature/Jobs/GenerateChatTitleTest.php" tests="10" assertions="12" errors="0" failures="0" skipped="0" time="0.178015">
        <testcase name="`title generation` → it generates a title from conversation messages" file="tests/Feature/Jobs/GenerateChatTitleTest.php::`title generation` → it generates a title from conversation messages" class="Tests\Feature\Jobs\GenerateChatTitleTest" classname="Tests.Feature.Jobs.GenerateChatTitleTest" assertions="1" time="0.023285"/>
        <testcase name="`title generation` → it uses the chat model for title generation" file="tests/Feature/Jobs/GenerateChatTitleTest.php::`title generation` → it uses the chat model for title generation" class="Tests\Feature\Jobs\GenerateChatTitleTest" classname="Tests.Feature.Jobs.GenerateChatTitleTest" assertions="1" time="0.016711"/>
        <testcase name="`title cleanup` → it cleans up markdown artifacts from generated title" file="tests/Feature/Jobs/GenerateChatTitleTest.php::`title cleanup` → it cleans up markdown artifacts from generated title" class="Tests\Feature\Jobs\GenerateChatTitleTest" classname="Tests.Feature.Jobs.GenerateChatTitleTest" assertions="1" time="0.017067"/>
        <testcase name="`title cleanup` → it removes quotes from generated title" file="tests/Feature/Jobs/GenerateChatTitleTest.php::`title cleanup` → it removes quotes from generated title" class="Tests\Feature\Jobs\GenerateChatTitleTest" classname="Tests.Feature.Jobs.GenerateChatTitleTest" assertions="1" time="0.017165"/>
        <testcase name="`validation` → it does nothing when chat has no messages" file="tests/Feature/Jobs/GenerateChatTitleTest.php::`validation` → it does nothing when chat has no messages" class="Tests\Feature\Jobs\GenerateChatTitleTest" classname="Tests.Feature.Jobs.GenerateChatTitleTest" assertions="1" time="0.015517"/>
        <testcase name="`validation` → it logs warning and returns early when chat has no AI model" file="tests/Feature/Jobs/GenerateChatTitleTest.php::`validation` → it logs warning and returns early when chat has no AI model" class="Tests\Feature\Jobs\GenerateChatTitleTest" classname="Tests.Feature.Jobs.GenerateChatTitleTest" assertions="2" time="0.019131"/>
        <testcase name="`validation` → it does not update title when generated title is empty" file="tests/Feature/Jobs/GenerateChatTitleTest.php::`validation` → it does not update title when generated title is empty" class="Tests\Feature\Jobs\GenerateChatTitleTest" classname="Tests.Feature.Jobs.GenerateChatTitleTest" assertions="1" time="0.017101"/>
        <testcase name="`validation` → it does not update title when generated title exceeds 100 characters" file="tests/Feature/Jobs/GenerateChatTitleTest.php::`validation` → it does not update title when generated title exceeds 100 characters" class="Tests\Feature\Jobs\GenerateChatTitleTest" classname="Tests.Feature.Jobs.GenerateChatTitleTest" assertions="1" time="0.017179"/>
        <testcase name="`error handling` → it logs warning when Prism throws exception" file="tests/Feature/Jobs/GenerateChatTitleTest.php::`error handling` → it logs warning when Prism throws exception" class="Tests\Feature\Jobs\GenerateChatTitleTest" classname="Tests.Feature.Jobs.GenerateChatTitleTest" assertions="2" time="0.020022"/>
        <testcase name="`queue` → it implements ShouldQueue interface" file="tests/Feature/Jobs/GenerateChatTitleTest.php::`queue` → it implements ShouldQueue interface" class="Tests\Feature\Jobs\GenerateChatTitleTest" classname="Tests.Feature.Jobs.GenerateChatTitleTest" assertions="1" time="0.014839"/>
      </testsuite>
      <testsuite name="Tests\Feature\Models\AgentTest" file="tests/Feature/Models/AgentTest.php" tests="1" assertions="1" errors="0" failures="0" skipped="0" time="0.019538">
        <testcase name="`agent model` → it can be created with a factory" file="tests/Feature/Models/AgentTest.php::`agent model` → it can be created with a factory" class="Tests\Feature\Models\AgentTest" classname="Tests.Feature.Models.AgentTest" assertions="1" time="0.019538"/>
      </testsuite>
      <testsuite name="Tests\Feature\Models\AiModelTest" file="tests/Feature/Models/AiModelTest.php" tests="10" assertions="24" errors="0" failures="0" skipped="0" time="0.153774">
        <testcase name="`factory` → it creates a valid model" file="tests/Feature/Models/AiModelTest.php::`factory` → it creates a valid model" class="Tests\Feature\Models\AiModelTest" classname="Tests.Feature.Models.AiModelTest" assertions="1" time="0.013712"/>
        <testcase name="`factory` → it creates model with specified attributes" file="tests/Feature/Models/AiModelTest.php::`factory` → it creates model with specified attributes" class="Tests\Feature\Models\AiModelTest" classname="Tests.Feature.Models.AiModelTest" assertions="9" time="0.012775"/>
        <testcase name="`factory` → it supports multiple providers" file="tests/Feature/Models/AiModelTest.php::`factory` → it supports multiple providers" class="Tests\Feature\Models\AiModelTest" classname="Tests.Feature.Models.AiModelTest" assertions="4" time="0.014994"/>
        <testcase name="`scopes` → it filters enabled models only" file="tests/Feature/Models/AiModelTest.php::`scopes` → it filters enabled models only" class="Tests\Feature\Models\AiModelTest" classname="Tests.Feature.Models.AiModelTest" assertions="1" time="0.015445"/>
        <testcase name="`scopes` → it filters by provider" file="tests/Feature/Models/AiModelTest.php::`scopes` → it filters by provider" class="Tests\Feature\Models\AiModelTest" classname="Tests.Feature.Models.AiModelTest" assertions="2" time="0.015487"/>
        <testcase name="`scopes` → it filters models supporting tools" file="tests/Feature/Models/AiModelTest.php::`scopes` → it filters models supporting tools" class="Tests\Feature\Models\AiModelTest" classname="Tests.Feature.Models.AiModelTest" assertions="1" time="0.018924"/>
        <testcase name="`scopes` → it filters models supporting vision" file="tests/Feature/Models/AiModelTest.php::`scopes` → it filters models supporting vision" class="Tests\Feature\Models\AiModelTest" classname="Tests.Feature.Models.AiModelTest" assertions="1" time="0.015623"/>
        <testcase name="`scopes` → it filters by speed tier" file="tests/Feature/Models/AiModelTest.php::`scopes` → it filters by speed tier" class="Tests\Feature\Models\AiModelTest" classname="Tests.Feature.Models.AiModelTest" assertions="2" time="0.014872"/>
        <testcase name="`relationships` → it belongs to many agents" file="tests/Feature/Models/AiModelTest.php::`relationships` → it belongs to many agents" class="Tests\Feature\Models\AiModelTest" classname="Tests.Feature.Models.AiModelTest" assertions="2" time="0.018092"/>
        <testcase name="`constraints` → it enforces unique provider and model_id combination" file="tests/Feature/Models/AiModelTest.php::`constraints` → it enforces unique provider and model_id combination" class="Tests\Feature\Models\AiModelTest" classname="Tests.Feature.Models.AiModelTest" assertions="1" time="0.013851"/>
      </testsuite>
      <testsuite name="Tests\Feature\Models\ArtifactTest" file="tests/Feature/Models/ArtifactTest.php" tests="20" assertions="55" errors="0" failures="0" skipped="0" time="0.332034">
        <testcase name="`factory` → it creates a valid artifact" file="tests/Feature/Models/ArtifactTest.php::`factory` → it creates a valid artifact" class="Tests\Feature\Models\ArtifactTest" classname="Tests.Feature.Models.ArtifactTest" assertions="1" time="0.024137"/>
        <testcase name="`factory` → it uses UUIDs as primary key" file="tests/Feature/Models/ArtifactTest.php::`factory` → it uses UUIDs as primary key" class="Tests\Feature\Models\ArtifactTest" classname="Tests.Feature.Models.ArtifactTest" assertions="1" time="0.017174"/>
        <testcase name="`factory` → it has fillable attributes" file="tests/Feature/Models/ArtifactTest.php::`factory` → it has fillable attributes" class="Tests\Feature\Models\ArtifactTest" classname="Tests.Feature.Models.ArtifactTest" assertions="5" time="0.016547"/>
        <testcase name="`relationships` → it belongs to a message" file="tests/Feature/Models/ArtifactTest.php::`relationships` → it belongs to a message" class="Tests\Feature\Models\ArtifactTest" classname="Tests.Feature.Models.ArtifactTest" assertions="1" time="0.016816"/>
        <testcase name="`constants` → it defines all artifact type constants" file="tests/Feature/Models/ArtifactTest.php::`constants` → it defines all artifact type constants" class="Tests\Feature\Models\ArtifactTest" classname="Tests.Feature.Models.ArtifactTest" assertions="7" time="0.011489"/>
        <testcase name="`constants` → it has TYPES array constant with all types" file="tests/Feature/Models/ArtifactTest.php::`constants` → it has TYPES array constant with all types" class="Tests\Feature\Models\ArtifactTest" classname="Tests.Feature.Models.ArtifactTest" assertions="8" time="0.012488"/>
        <testcase name="`type identification` → it correctly identifies code artifact" file="tests/Feature/Models/ArtifactTest.php::`type identification` → it correctly identifies code artifact" class="Tests\Feature\Models\ArtifactTest" classname="Tests.Feature.Models.ArtifactTest" assertions="6" time="0.016641"/>
        <testcase name="`type identification` → it correctly identifies markdown artifact" file="tests/Feature/Models/ArtifactTest.php::`type identification` → it correctly identifies markdown artifact" class="Tests\Feature\Models\ArtifactTest" classname="Tests.Feature.Models.ArtifactTest" assertions="2" time="0.016840"/>
        <testcase name="`type identification` → it correctly identifies html artifact" file="tests/Feature/Models/ArtifactTest.php::`type identification` → it correctly identifies html artifact" class="Tests\Feature\Models\ArtifactTest" classname="Tests.Feature.Models.ArtifactTest" assertions="2" time="0.016603"/>
        <testcase name="`type identification` → it correctly identifies svg artifact" file="tests/Feature/Models/ArtifactTest.php::`type identification` → it correctly identifies svg artifact" class="Tests\Feature\Models\ArtifactTest" classname="Tests.Feature.Models.ArtifactTest" assertions="2" time="0.016582"/>
        <testcase name="`type identification` → it correctly identifies mermaid artifact" file="tests/Feature/Models/ArtifactTest.php::`type identification` → it correctly identifies mermaid artifact" class="Tests\Feature\Models\ArtifactTest" classname="Tests.Feature.Models.ArtifactTest" assertions="2" time="0.016677"/>
        <testcase name="`type identification` → it correctly identifies react artifact" file="tests/Feature/Models/ArtifactTest.php::`type identification` → it correctly identifies react artifact" class="Tests\Feature\Models\ArtifactTest" classname="Tests.Feature.Models.ArtifactTest" assertions="2" time="0.016578"/>
        <testcase name="`type identification` → it correctly identifies vue artifact" file="tests/Feature/Models/ArtifactTest.php::`type identification` → it correctly identifies vue artifact" class="Tests\Feature\Models\ArtifactTest" classname="Tests.Feature.Models.ArtifactTest" assertions="2" time="0.016631"/>
        <testcase name="`factory states` → it creates code artifact with factory state" file="tests/Feature/Models/ArtifactTest.php::`factory states` → it creates code artifact with factory state" class="Tests\Feature\Models\ArtifactTest" classname="Tests.Feature.Models.ArtifactTest" assertions="2" time="0.016843"/>
        <testcase name="`factory states` → it creates markdown artifact with factory state" file="tests/Feature/Models/ArtifactTest.php::`factory states` → it creates markdown artifact with factory state" class="Tests\Feature\Models\ArtifactTest" classname="Tests.Feature.Models.ArtifactTest" assertions="2" time="0.016686"/>
        <testcase name="`factory states` → it creates html artifact with factory state" file="tests/Feature/Models/ArtifactTest.php::`factory states` → it creates html artifact with factory state" class="Tests\Feature\Models\ArtifactTest" classname="Tests.Feature.Models.ArtifactTest" assertions="2" time="0.016633"/>
        <testcase name="`factory states` → it creates svg artifact with factory state" file="tests/Feature/Models/ArtifactTest.php::`factory states` → it creates svg artifact with factory state" class="Tests\Feature\Models\ArtifactTest" classname="Tests.Feature.Models.ArtifactTest" assertions="2" time="0.016729"/>
        <testcase name="`factory states` → it creates mermaid artifact with factory state" file="tests/Feature/Models/ArtifactTest.php::`factory states` → it creates mermaid artifact with factory state" class="Tests\Feature\Models\ArtifactTest" classname="Tests.Feature.Models.ArtifactTest" assertions="2" time="0.016717"/>
        <testcase name="`factory states` → it creates react artifact with factory state" file="tests/Feature/Models/ArtifactTest.php::`factory states` → it creates react artifact with factory state" class="Tests\Feature\Models\ArtifactTest" classname="Tests.Feature.Models.ArtifactTest" assertions="2" time="0.016541"/>
        <testcase name="`factory states` → it creates vue artifact with factory state" file="tests/Feature/Models/ArtifactTest.php::`factory states` → it creates vue artifact with factory state" class="Tests\Feature\Models\ArtifactTest" classname="Tests.Feature.Models.ArtifactTest" assertions="2" time="0.016682"/>
      </testsuite>
      <testsuite name="Tests\Feature\Models\ChatTest" file="tests/Feature/Models/ChatTest.php" tests="5" assertions="7" errors="0" failures="0" skipped="0" time="0.094472">
        <testcase name="`factory` → it creates a valid chat" file="tests/Feature/Models/ChatTest.php::`factory` → it creates a valid chat" class="Tests\Feature\Models\ChatTest" classname="Tests.Feature.Models.ChatTest" assertions="1" time="0.032176"/>
        <testcase name="`factory` → it creates chat with specified title" file="tests/Feature/Models/ChatTest.php::`factory` → it creates chat with specified title" class="Tests\Feature\Models\ChatTest" classname="Tests.Feature.Models.ChatTest" assertions="1" time="0.015073"/>
        <testcase name="`relationships` → it belongs to a user" file="tests/Feature/Models/ChatTest.php::`relationships` → it belongs to a user" class="Tests\Feature\Models\ChatTest" classname="Tests.Feature.Models.ChatTest" assertions="2" time="0.015124"/>
        <testcase name="`relationships` → it belongs to an AI model" file="tests/Feature/Models/ChatTest.php::`relationships` → it belongs to an AI model" class="Tests\Feature\Models\ChatTest" classname="Tests.Feature.Models.ChatTest" assertions="2" time="0.015050"/>
        <testcase name="`relationships` → it has many messages" file="tests/Feature/Models/ChatTest.php::`relationships` → it has many messages" class="Tests\Feature\Models\ChatTest" classname="Tests.Feature.Models.ChatTest" assertions="1" time="0.017049"/>
      </testsuite>
      <testsuite name="Tests\Feature\Models\MessageTest" file="tests/Feature/Models/MessageTest.php" tests="10" assertions="18" errors="0" failures="0" skipped="0" time="0.163349">
        <testcase name="`factory` → it creates a valid message" file="tests/Feature/Models/MessageTest.php::`factory` → it creates a valid message" class="Tests\Feature\Models\MessageTest" classname="Tests.Feature.Models.MessageTest" assertions="2" time="0.019339"/>
        <testcase name="`factory` → it uses UUIDs as primary key" file="tests/Feature/Models/MessageTest.php::`factory` → it uses UUIDs as primary key" class="Tests\Feature\Models\MessageTest" classname="Tests.Feature.Models.MessageTest" assertions="2" time="0.015648"/>
        <testcase name="`factory` → it creates user messages via factory state" file="tests/Feature/Models/MessageTest.php::`factory` → it creates user messages via factory state" class="Tests\Feature\Models\MessageTest" classname="Tests.Feature.Models.MessageTest" assertions="1" time="0.015486"/>
        <testcase name="`factory` → it creates assistant messages via factory state" file="tests/Feature/Models/MessageTest.php::`factory` → it creates assistant messages via factory state" class="Tests\Feature\Models\MessageTest" classname="Tests.Feature.Models.MessageTest" assertions="1" time="0.015455"/>
        <testcase name="`relationships` → it belongs to a chat" file="tests/Feature/Models/MessageTest.php::`relationships` → it belongs to a chat" class="Tests\Feature\Models\MessageTest" classname="Tests.Feature.Models.MessageTest" assertions="2" time="0.015822"/>
        <testcase name="`relationships` → it has many artifacts" file="tests/Feature/Models/MessageTest.php::`relationships` → it has many artifacts" class="Tests\Feature\Models\MessageTest" classname="Tests.Feature.Models.MessageTest" assertions="2" time="0.017994"/>
        <testcase name="`attributes` → it has a role attribute" file="tests/Feature/Models/MessageTest.php::`attributes` → it has a role attribute" class="Tests\Feature\Models\MessageTest" classname="Tests.Feature.Models.MessageTest" assertions="1" time="0.015622"/>
        <testcase name="`attributes` → it has a parts attribute as array" file="tests/Feature/Models/MessageTest.php::`attributes` → it has a parts attribute as array" class="Tests\Feature\Models\MessageTest" classname="Tests.Feature.Models.MessageTest" assertions="2" time="0.015697"/>
        <testcase name="`attributes` → it casts parts to array automatically" file="tests/Feature/Models/MessageTest.php::`attributes` → it casts parts to array automatically" class="Tests\Feature\Models\MessageTest" classname="Tests.Feature.Models.MessageTest" assertions="3" time="0.016122"/>
        <testcase name="`attributes` → it has timestamps" file="tests/Feature/Models/MessageTest.php::`attributes` → it has timestamps" class="Tests\Feature\Models\MessageTest" classname="Tests.Feature.Models.MessageTest" assertions="2" time="0.016163"/>
      </testsuite>
      <testsuite name="Tests\Feature\Models\UserApiCredentialTest" file="tests/Feature/Models/UserApiCredentialTest.php" tests="18" assertions="34" errors="0" failures="0" skipped="0" time="0.265451">
        <testcase name="`encryption` → it encrypts api_key on save" file="tests/Feature/Models/UserApiCredentialTest.php::`encryption` → it encrypts api_key on save" class="Tests\Feature\Models\UserApiCredentialTest" classname="Tests.Feature.Models.UserApiCredentialTest" assertions="1" time="0.021619"/>
        <testcase name="`encryption` → it decrypts api_key on retrieve" file="tests/Feature/Models/UserApiCredentialTest.php::`encryption` → it decrypts api_key on retrieve" class="Tests\Feature\Models\UserApiCredentialTest" classname="Tests.Feature.Models.UserApiCredentialTest" assertions="1" time="0.014027"/>
        <testcase name="`relationships` → it belongs to user" file="tests/Feature/Models/UserApiCredentialTest.php::`relationships` → it belongs to user" class="Tests\Feature\Models\UserApiCredentialTest" classname="Tests.Feature.Models.UserApiCredentialTest" assertions="2" time="0.014012"/>
        <testcase name="`relationships` → it user has many api credentials" file="tests/Feature/Models/UserApiCredentialTest.php::`relationships` → it user has many api credentials" class="Tests\Feature\Models\UserApiCredentialTest" classname="Tests.Feature.Models.UserApiCredentialTest" assertions="2" time="0.014990"/>
        <testcase name="`scopes` → it filters by provider" file="tests/Feature/Models/UserApiCredentialTest.php::`scopes` → it filters by provider" class="Tests\Feature\Models\UserApiCredentialTest" classname="Tests.Feature.Models.UserApiCredentialTest" assertions="4" time="0.015301"/>
        <testcase name="`accessors` → it provides maskedKey accessor" file="tests/Feature/Models/UserApiCredentialTest.php::`accessors` → it provides maskedKey accessor" class="Tests\Feature\Models\UserApiCredentialTest" classname="Tests.Feature.Models.UserApiCredentialTest" assertions="2" time="0.013627"/>
        <testcase name="`accessors` → it provides isConfigured accessor" file="tests/Feature/Models/UserApiCredentialTest.php::`accessors` → it provides isConfigured accessor" class="Tests\Feature\Models\UserApiCredentialTest" classname="Tests.Feature.Models.UserApiCredentialTest" assertions="2" time="0.014796"/>
        <testcase name="`constraints` → it enforces unique provider per user" file="tests/Feature/Models/UserApiCredentialTest.php::`constraints` → it enforces unique provider per user" class="Tests\Feature\Models\UserApiCredentialTest" classname="Tests.Feature.Models.UserApiCredentialTest" assertions="1" time="0.014065"/>
        <testcase name="`constraints` → it allows same provider for different users" file="tests/Feature/Models/UserApiCredentialTest.php::`constraints` → it allows same provider for different users" class="Tests\Feature\Models\UserApiCredentialTest" classname="Tests.Feature.Models.UserApiCredentialTest" assertions="3" time="0.014544"/>
        <testcase name="`factory states` → it creates openai credential with correct prefix" file="tests/Feature/Models/UserApiCredentialTest.php::`factory states` → it creates openai credential with correct prefix" class="Tests\Feature\Models\UserApiCredentialTest" classname="Tests.Feature.Models.UserApiCredentialTest" assertions="2" time="0.014439"/>
        <testcase name="`factory states` → it creates anthropic credential with correct prefix" file="tests/Feature/Models/UserApiCredentialTest.php::`factory states` → it creates anthropic credential with correct prefix" class="Tests\Feature\Models\UserApiCredentialTest" classname="Tests.Feature.Models.UserApiCredentialTest" assertions="2" time="0.017598"/>
        <testcase name="`factory states` → it creates xai credential with correct prefix" file="tests/Feature/Models/UserApiCredentialTest.php::`factory states` → it creates xai credential with correct prefix" class="Tests\Feature\Models\UserApiCredentialTest" classname="Tests.Feature.Models.UserApiCredentialTest" assertions="2" time="0.013990"/>
        <testcase name="`factory states` → it creates groq credential with correct prefix" file="tests/Feature/Models/UserApiCredentialTest.php::`factory states` → it creates groq credential with correct prefix" class="Tests\Feature\Models\UserApiCredentialTest" classname="Tests.Feature.Models.UserApiCredentialTest" assertions="2" time="0.013531"/>
        <testcase name="`factory states` → it creates gemini credential with correct prefix" file="tests/Feature/Models/UserApiCredentialTest.php::`factory states` → it creates gemini credential with correct prefix" class="Tests\Feature\Models\UserApiCredentialTest" classname="Tests.Feature.Models.UserApiCredentialTest" assertions="2" time="0.013521"/>
        <testcase name="`factory states` → it creates mistral credential with correct prefix" file="tests/Feature/Models/UserApiCredentialTest.php::`factory states` → it creates mistral credential with correct prefix" class="Tests\Feature\Models\UserApiCredentialTest" classname="Tests.Feature.Models.UserApiCredentialTest" assertions="2" time="0.013690"/>
        <testcase name="`user helper methods` → it retrieves api key for specific provider" file="tests/Feature/Models/UserApiCredentialTest.php::`user helper methods` → it retrieves api key for specific provider" class="Tests\Feature\Models\UserApiCredentialTest" classname="Tests.Feature.Models.UserApiCredentialTest" assertions="2" time="0.014654"/>
        <testcase name="`user helper methods` → it returns null when provider not found" file="tests/Feature/Models/UserApiCredentialTest.php::`user helper methods` → it returns null when provider not found" class="Tests\Feature\Models\UserApiCredentialTest" classname="Tests.Feature.Models.UserApiCredentialTest" assertions="1" time="0.013087"/>
        <testcase name="`user helper methods` → it returns null when provider is disabled" file="tests/Feature/Models/UserApiCredentialTest.php::`user helper methods` → it returns null when provider is disabled" class="Tests\Feature\Models\UserApiCredentialTest" classname="Tests.Feature.Models.UserApiCredentialTest" assertions="1" time="0.013960"/>
      </testsuite>
      <testsuite name="Tests\Feature\Services\ArtifactGeneratorServiceTest" file="tests/Feature/Services/ArtifactGeneratorServiceTest.php" tests="18" assertions="23" errors="0" failures="0" skipped="0" time="0.213386">
        <testcase name="`artifact generation` → it generates react artifact content" file="tests/Feature/Services/ArtifactGeneratorServiceTest.php::`artifact generation` → it generates react artifact content" class="Tests\Feature\Services\ArtifactGeneratorServiceTest" classname="Tests.Feature.Services.ArtifactGeneratorServiceTest" assertions="1" time="0.023540"/>
        <testcase name="`artifact generation` → it generates vue artifact content" file="tests/Feature/Services/ArtifactGeneratorServiceTest.php::`artifact generation` → it generates vue artifact content" class="Tests\Feature\Services\ArtifactGeneratorServiceTest" classname="Tests.Feature.Services.ArtifactGeneratorServiceTest" assertions="1" time="0.011232"/>
        <testcase name="`artifact generation` → it generates html artifact content" file="tests/Feature/Services/ArtifactGeneratorServiceTest.php::`artifact generation` → it generates html artifact content" class="Tests\Feature\Services\ArtifactGeneratorServiceTest" classname="Tests.Feature.Services.ArtifactGeneratorServiceTest" assertions="1" time="0.011333"/>
        <testcase name="`artifact generation` → it generates svg artifact content" file="tests/Feature/Services/ArtifactGeneratorServiceTest.php::`artifact generation` → it generates svg artifact content" class="Tests\Feature\Services\ArtifactGeneratorServiceTest" classname="Tests.Feature.Services.ArtifactGeneratorServiceTest" assertions="2" time="0.011205"/>
        <testcase name="`artifact generation` → it generates mermaid diagram content" file="tests/Feature/Services/ArtifactGeneratorServiceTest.php::`artifact generation` → it generates mermaid diagram content" class="Tests\Feature\Services\ArtifactGeneratorServiceTest" classname="Tests.Feature.Services.ArtifactGeneratorServiceTest" assertions="1" time="0.011060"/>
        <testcase name="`artifact generation` → it generates code artifact content" file="tests/Feature/Services/ArtifactGeneratorServiceTest.php::`artifact generation` → it generates code artifact content" class="Tests\Feature\Services\ArtifactGeneratorServiceTest" classname="Tests.Feature.Services.ArtifactGeneratorServiceTest" assertions="1" time="0.011111"/>
        <testcase name="`artifact generation` → it includes requirements in prompt when provided" file="tests/Feature/Services/ArtifactGeneratorServiceTest.php::`artifact generation` → it includes requirements in prompt when provided" class="Tests\Feature\Services\ArtifactGeneratorServiceTest" classname="Tests.Feature.Services.ArtifactGeneratorServiceTest" assertions="1" time="0.011069"/>
        <testcase name="`code fence stripping` → it strips markdown code fences from response" file="tests/Feature/Services/ArtifactGeneratorServiceTest.php::`code fence stripping` → it strips markdown code fences from response" class="Tests\Feature\Services\ArtifactGeneratorServiceTest" classname="Tests.Feature.Services.ArtifactGeneratorServiceTest" assertions="1" time="0.010982"/>
        <testcase name="`code fence stripping` → it strips jsx code fences from response" file="tests/Feature/Services/ArtifactGeneratorServiceTest.php::`code fence stripping` → it strips jsx code fences from response" class="Tests\Feature\Services\ArtifactGeneratorServiceTest" classname="Tests.Feature.Services.ArtifactGeneratorServiceTest" assertions="1" time="0.011220"/>
        <testcase name="`code fence stripping` → it strips tsx code fences from response" file="tests/Feature/Services/ArtifactGeneratorServiceTest.php::`code fence stripping` → it strips tsx code fences from response" class="Tests\Feature\Services\ArtifactGeneratorServiceTest" classname="Tests.Feature.Services.ArtifactGeneratorServiceTest" assertions="1" time="0.011206"/>
        <testcase name="`code fence stripping` → it strips vue code fences from response" file="tests/Feature/Services/ArtifactGeneratorServiceTest.php::`code fence stripping` → it strips vue code fences from response" class="Tests\Feature\Services\ArtifactGeneratorServiceTest" classname="Tests.Feature.Services.ArtifactGeneratorServiceTest" assertions="1" time="0.011054"/>
        <testcase name="`code fence stripping` → it strips html code fences from response" file="tests/Feature/Services/ArtifactGeneratorServiceTest.php::`code fence stripping` → it strips html code fences from response" class="Tests\Feature\Services\ArtifactGeneratorServiceTest" classname="Tests.Feature.Services.ArtifactGeneratorServiceTest" assertions="1" time="0.011290"/>
        <testcase name="`code fence stripping` → it strips mermaid code fences from response" file="tests/Feature/Services/ArtifactGeneratorServiceTest.php::`code fence stripping` → it strips mermaid code fences from response" class="Tests\Feature\Services\ArtifactGeneratorServiceTest" classname="Tests.Feature.Services.ArtifactGeneratorServiceTest" assertions="1" time="0.011196"/>
        <testcase name="`code fence stripping` → it strips generic code fences from response" file="tests/Feature/Services/ArtifactGeneratorServiceTest.php::`code fence stripping` → it strips generic code fences from response" class="Tests\Feature\Services\ArtifactGeneratorServiceTest" classname="Tests.Feature.Services.ArtifactGeneratorServiceTest" assertions="1" time="0.011123"/>
        <testcase name="`code fence stripping` → it cleans mermaid fence remnants specifically" file="tests/Feature/Services/ArtifactGeneratorServiceTest.php::`code fence stripping` → it cleans mermaid fence remnants specifically" class="Tests\Feature\Services\ArtifactGeneratorServiceTest" classname="Tests.Feature.Services.ArtifactGeneratorServiceTest" assertions="2" time="0.011190"/>
        <testcase name="`code fence stripping` → it handles code fences not at start of response" file="tests/Feature/Services/ArtifactGeneratorServiceTest.php::`code fence stripping` → it handles code fences not at start of response" class="Tests\Feature\Services\ArtifactGeneratorServiceTest" classname="Tests.Feature.Services.ArtifactGeneratorServiceTest" assertions="1" time="0.011190"/>
        <testcase name="`import stripping` → it strips react import statements" file="tests/Feature/Services/ArtifactGeneratorServiceTest.php::`import stripping` → it strips react import statements" class="Tests\Feature\Services\ArtifactGeneratorServiceTest" classname="Tests.Feature.Services.ArtifactGeneratorServiceTest" assertions="3" time="0.011121"/>
        <testcase name="`import stripping` → it strips vue import statements" file="tests/Feature/Services/ArtifactGeneratorServiceTest.php::`import stripping` → it strips vue import statements" class="Tests\Feature\Services\ArtifactGeneratorServiceTest" classname="Tests.Feature.Services.ArtifactGeneratorServiceTest" assertions="2" time="0.011265"/>
      </testsuite>
      <testsuite name="Tests\Feature\Services\ChatStreamServiceTest" file="tests/Feature/Services/ChatStreamServiceTest.php" tests="17" assertions="24" errors="0" failures="0" skipped="0" time="0.305629">
        <testcase name="`streaming` → it streams text response" file="tests/Feature/Services/ChatStreamServiceTest.php::`streaming` → it streams text response" class="Tests\Feature\Services\ChatStreamServiceTest" classname="Tests.Feature.Services.ChatStreamServiceTest" assertions="2" time="0.034177"/>
        <testcase name="`streaming` → it creates and finalizes assistant message" file="tests/Feature/Services/ChatStreamServiceTest.php::`streaming` → it creates and finalizes assistant message" class="Tests\Feature\Services\ChatStreamServiceTest" classname="Tests.Feature.Services.ChatStreamServiceTest" assertions="2" time="0.018242"/>
        <testcase name="`streaming` → it deletes empty assistant message when no content" file="tests/Feature/Services/ChatStreamServiceTest.php::`streaming` → it deletes empty assistant message when no content" class="Tests\Feature\Services\ChatStreamServiceTest" classname="Tests.Feature.Services.ChatStreamServiceTest" assertions="1" time="0.016952"/>
        <testcase name="`streaming` → it builds conversation history from existing messages" file="tests/Feature/Services/ChatStreamServiceTest.php::`streaming` → it builds conversation history from existing messages" class="Tests\Feature\Services\ChatStreamServiceTest" classname="Tests.Feature.Services.ChatStreamServiceTest" assertions="1" time="0.018296"/>
        <testcase name="`tools` → it enables artifact tools for trigger words" file="tests/Feature/Services/ChatStreamServiceTest.php::`tools` → it enables artifact tools for trigger words" class="Tests\Feature\Services\ChatStreamServiceTest" classname="Tests.Feature.Services.ChatStreamServiceTest" assertions="1" time="0.017527"/>
        <testcase name="`tools` → it enables laravel tools for trigger words with Groq model" file="tests/Feature/Services/ChatStreamServiceTest.php::`tools` → it enables laravel tools for trigger words with Groq model" class="Tests\Feature\Services\ChatStreamServiceTest" classname="Tests.Feature.Services.ChatStreamServiceTest" assertions="1" time="0.017629"/>
        <testcase name="`tools` → it always includes knowledge tool for Groq models" file="tests/Feature/Services/ChatStreamServiceTest.php::`tools` → it always includes knowledge tool for Groq models" class="Tests\Feature\Services\ChatStreamServiceTest" classname="Tests.Feature.Services.ChatStreamServiceTest" assertions="1" time="0.017503"/>
        <testcase name="`tools` → it does not enable tools for Ollama models" file="tests/Feature/Services/ChatStreamServiceTest.php::`tools` → it does not enable tools for Ollama models" class="Tests\Feature\Services\ChatStreamServiceTest" classname="Tests.Feature.Services.ChatStreamServiceTest" assertions="2" time="0.017178"/>
        <testcase name="`tools` → it enables tools for Groq models with trigger words" file="tests/Feature/Services/ChatStreamServiceTest.php::`tools` → it enables tools for Groq models with trigger words" class="Tests\Feature\Services\ChatStreamServiceTest" classname="Tests.Feature.Services.ChatStreamServiceTest" assertions="1" time="0.017349"/>
        <testcase name="`tools` → it builds system prompt with tools enabled" file="tests/Feature/Services/ChatStreamServiceTest.php::`tools` → it builds system prompt with tools enabled" class="Tests\Feature\Services\ChatStreamServiceTest" classname="Tests.Feature.Services.ChatStreamServiceTest" assertions="1" time="0.017355"/>
        <testcase name="`web search` → it includes web search tool when available for Groq models" file="tests/Feature/Services/ChatStreamServiceTest.php::`web search` → it includes web search tool when available for Groq models" class="Tests\Feature\Services\ChatStreamServiceTest" classname="Tests.Feature.Services.ChatStreamServiceTest" assertions="1" time="0.017406"/>
        <testcase name="`web search` → it does not include web search tool when not configured" file="tests/Feature/Services/ChatStreamServiceTest.php::`web search` → it does not include web search tool when not configured" class="Tests\Feature\Services\ChatStreamServiceTest" classname="Tests.Feature.Services.ChatStreamServiceTest" assertions="1" time="0.017588"/>
        <testcase name="`error handling` → it handles errors gracefully" file="tests/Feature/Services/ChatStreamServiceTest.php::`error handling` → it handles errors gracefully" class="Tests\Feature\Services\ChatStreamServiceTest" classname="Tests.Feature.Services.ChatStreamServiceTest" assertions="1" time="0.016598"/>
        <testcase name="`tool result handling` → it handles laravel model tool results" file="tests/Feature/Services/ChatStreamServiceTest.php::`tool result handling` → it handles laravel model tool results" class="Tests\Feature\Services\ChatStreamServiceTest" classname="Tests.Feature.Services.ChatStreamServiceTest" assertions="3" time="0.015454"/>
        <testcase name="`tool result handling` → it does not handle laravel model tool errors" file="tests/Feature/Services/ChatStreamServiceTest.php::`tool result handling` → it does not handle laravel model tool errors" class="Tests\Feature\Services\ChatStreamServiceTest" classname="Tests.Feature.Services.ChatStreamServiceTest" assertions="1" time="0.015418"/>
        <testcase name="`tool result handling` → it handles knowledge search tool results with context" file="tests/Feature/Services/ChatStreamServiceTest.php::`tool result handling` → it handles knowledge search tool results with context" class="Tests\Feature\Services\ChatStreamServiceTest" classname="Tests.Feature.Services.ChatStreamServiceTest" assertions="3" time="0.015499"/>
        <testcase name="`tool result handling` → it does not handle knowledge search results without context" file="tests/Feature/Services/ChatStreamServiceTest.php::`tool result handling` → it does not handle knowledge search results without context" class="Tests\Feature\Services\ChatStreamServiceTest" classname="Tests.Feature.Services.ChatStreamServiceTest" assertions="1" time="0.015458"/>
      </testsuite>
      <testsuite name="Tests\Feature\Services\ConduitKnowledgeResultTest" file="tests/Feature/Services/ConduitKnowledgeResultTest.php" tests="9" assertions="18" errors="0" failures="0" skipped="0" time="0.112299">
        <testcase name="`result detection` → it reports has results correctly" file="tests/Feature/Services/ConduitKnowledgeResultTest.php::`result detection` → it reports has results correctly" class="Tests\Feature\Services\ConduitKnowledgeResultTest" classname="Tests.Feature.Services.ConduitKnowledgeResultTest" assertions="3" time="0.022805"/>
        <testcase name="`result detection` → it counts entries correctly" file="tests/Feature/Services/ConduitKnowledgeResultTest.php::`result detection` → it counts entries correctly" class="Tests\Feature\Services\ConduitKnowledgeResultTest" classname="Tests.Feature.Services.ConduitKnowledgeResultTest" assertions="1" time="0.011275"/>
        <testcase name="`context string formatting` → it formats context string for LLM" file="tests/Feature/Services/ConduitKnowledgeResultTest.php::`context string formatting` → it formats context string for LLM" class="Tests\Feature\Services\ConduitKnowledgeResultTest" classname="Tests.Feature.Services.ConduitKnowledgeResultTest" assertions="4" time="0.011074"/>
        <testcase name="`context string formatting` → it returns error message for failed results" file="tests/Feature/Services/ConduitKnowledgeResultTest.php::`context string formatting` → it returns error message for failed results" class="Tests\Feature\Services\ConduitKnowledgeResultTest" classname="Tests.Feature.Services.ConduitKnowledgeResultTest" assertions="1" time="0.011071"/>
        <testcase name="`context string formatting` → it returns appropriate message for no results" file="tests/Feature/Services/ConduitKnowledgeResultTest.php::`context string formatting` → it returns appropriate message for no results" class="Tests\Feature\Services\ConduitKnowledgeResultTest" classname="Tests.Feature.Services.ConduitKnowledgeResultTest" assertions="1" time="0.011089"/>
        <testcase name="`display string formatting` → it formats display string for chat" file="tests/Feature/Services/ConduitKnowledgeResultTest.php::`display string formatting` → it formats display string for chat" class="Tests\Feature\Services\ConduitKnowledgeResultTest" classname="Tests.Feature.Services.ConduitKnowledgeResultTest" assertions="4" time="0.011306"/>
        <testcase name="`display string formatting` → it returns error message for failed results" file="tests/Feature/Services/ConduitKnowledgeResultTest.php::`display string formatting` → it returns error message for failed results" class="Tests\Feature\Services\ConduitKnowledgeResultTest" classname="Tests.Feature.Services.ConduitKnowledgeResultTest" assertions="1" time="0.011314"/>
        <testcase name="`display string formatting` → it returns appropriate message for no results" file="tests/Feature/Services/ConduitKnowledgeResultTest.php::`display string formatting` → it returns appropriate message for no results" class="Tests\Feature\Services\ConduitKnowledgeResultTest" classname="Tests.Feature.Services.ConduitKnowledgeResultTest" assertions="1" time="0.011222"/>
        <testcase name="`display string formatting` → it truncates long content in display string" file="tests/Feature/Services/ConduitKnowledgeResultTest.php::`display string formatting` → it truncates long content in display string" class="Tests\Feature\Services\ConduitKnowledgeResultTest" classname="Tests.Feature.Services.ConduitKnowledgeResultTest" assertions="2" time="0.011144"/>
      </testsuite>
      <testsuite name="Tests\Feature\Services\ConduitKnowledgeServiceTest" file="tests/Feature/Services/ConduitKnowledgeServiceTest.php" tests="11" assertions="22" errors="0" failures="0" skipped="1" time="0.146456">
        <testcase name="`knowledge search` → it searches knowledge base successfully" file="tests/Feature/Services/ConduitKnowledgeServiceTest.php::`knowledge search` → it searches knowledge base successfully" class="Tests\Feature\Services\ConduitKnowledgeServiceTest" classname="Tests.Feature.Services.ConduitKnowledgeServiceTest" assertions="6" time="0.025953"/>
        <testcase name="`knowledge search` → it handles empty search results" file="tests/Feature/Services/ConduitKnowledgeServiceTest.php::`knowledge search` → it handles empty search results" class="Tests\Feature\Services\ConduitKnowledgeServiceTest" classname="Tests.Feature.Services.ConduitKnowledgeServiceTest" assertions="3" time="0.011878"/>
        <testcase name="`knowledge search` → it handles search failure" file="tests/Feature/Services/ConduitKnowledgeServiceTest.php::`knowledge search` → it handles search failure" class="Tests\Feature\Services\ConduitKnowledgeServiceTest" classname="Tests.Feature.Services.ConduitKnowledgeServiceTest" assertions="2" time="0.011376"/>
        <testcase name="`knowledge search` → it builds correct search command with options" file="tests/Feature/Services/ConduitKnowledgeServiceTest.php::`knowledge search` → it builds correct search command with options" class="Tests\Feature\Services\ConduitKnowledgeServiceTest" classname="Tests.Feature.Services.ConduitKnowledgeServiceTest" assertions="1" time="0.011298"/>
        <testcase name="`knowledge search` → it parses tags correctly from search output" file="tests/Feature/Services/ConduitKnowledgeServiceTest.php::`knowledge search` → it parses tags correctly from search output" class="Tests\Feature\Services\ConduitKnowledgeServiceTest" classname="Tests.Feature.Services.ConduitKnowledgeServiceTest" assertions="3" time="0.011356"/>
        <testcase name="`conduit availability` → it checks conduit availability" file="tests/Feature/Services/ConduitKnowledgeServiceTest.php::`conduit availability` → it checks conduit availability" class="Tests\Feature\Services\ConduitKnowledgeServiceTest" classname="Tests.Feature.Services.ConduitKnowledgeServiceTest" assertions="1" time="0.011346"/>
        <testcase name="`conduit availability` → it returns false when conduit is not available" file="tests/Feature/Services/ConduitKnowledgeServiceTest.php::`conduit availability` → it returns false when conduit is not available" class="Tests\Feature\Services\ConduitKnowledgeServiceTest" classname="Tests.Feature.Services.ConduitKnowledgeServiceTest" assertions="0" time="0.017453">
          <skipped/>
        </testcase>
        <testcase name="`conduit availability` → it uses fallback conduit path when not found in common paths" file="tests/Feature/Services/ConduitKnowledgeServiceTest.php::`conduit availability` → it uses fallback conduit path when not found in common paths" class="Tests\Feature\Services\ConduitKnowledgeServiceTest" classname="Tests.Feature.Services.ConduitKnowledgeServiceTest" assertions="1" time="0.011596"/>
        <testcase name="`knowledge add` → it adds knowledge entry successfully" file="tests/Feature/Services/ConduitKnowledgeServiceTest.php::`knowledge add` → it adds knowledge entry successfully" class="Tests\Feature\Services\ConduitKnowledgeServiceTest" classname="Tests.Feature.Services.ConduitKnowledgeServiceTest" assertions="2" time="0.011534"/>
        <testcase name="`knowledge add` → it adds knowledge entry with minimal options" file="tests/Feature/Services/ConduitKnowledgeServiceTest.php::`knowledge add` → it adds knowledge entry with minimal options" class="Tests\Feature\Services\ConduitKnowledgeServiceTest" classname="Tests.Feature.Services.ConduitKnowledgeServiceTest" assertions="2" time="0.011331"/>
        <testcase name="`knowledge add` → it returns false when add fails" file="tests/Feature/Services/ConduitKnowledgeServiceTest.php::`knowledge add` → it returns false when add fails" class="Tests\Feature\Services\ConduitKnowledgeServiceTest" classname="Tests.Feature.Services.ConduitKnowledgeServiceTest" assertions="1" time="0.011336"/>
      </testsuite>
      <testsuite name="Tests\Feature\Services\ModelSyncServiceTest" file="tests/Feature/Services/ModelSyncServiceTest.php" tests="32" assertions="51" errors="0" failures="0" skipped="0" time="0.492200">
        <testcase name="`syncAndGetAvailable` → it syncs models and returns available enabled models" file="tests/Feature/Services/ModelSyncServiceTest.php::`syncAndGetAvailable` → it syncs models and returns available enabled models" class="Tests\Feature\Services\ModelSyncServiceTest" classname="Tests.Feature.Services.ModelSyncServiceTest" assertions="2" time="0.023532"/>
        <testcase name="`syncAndGetAvailable` → it returns models ordered by provider and name" file="tests/Feature/Services/ModelSyncServiceTest.php::`syncAndGetAvailable` → it returns models ordered by provider and name" class="Tests\Feature\Services\ModelSyncServiceTest" classname="Tests.Feature.Services.ModelSyncServiceTest" assertions="1" time="0.017828"/>
        <testcase name="`syncAll` → it uses cache to avoid repeated API calls" file="tests/Feature/Services/ModelSyncServiceTest.php::`syncAll` → it uses cache to avoid repeated API calls" class="Tests\Feature\Services\ModelSyncServiceTest" classname="Tests.Feature.Services.ModelSyncServiceTest" assertions="1" time="0.016024"/>
        <testcase name="`syncAll` → it syncs both Ollama and Groq providers" file="tests/Feature/Services/ModelSyncServiceTest.php::`syncAll` → it syncs both Ollama and Groq providers" class="Tests\Feature\Services\ModelSyncServiceTest" classname="Tests.Feature.Services.ModelSyncServiceTest" assertions="2" time="0.017563"/>
        <testcase name="`forceSync` → it clears cache and syncs again" file="tests/Feature/Services/ModelSyncServiceTest.php::`forceSync` → it clears cache and syncs again" class="Tests\Feature\Services\ModelSyncServiceTest" classname="Tests.Feature.Services.ModelSyncServiceTest" assertions="1" time="0.016945"/>
        <testcase name="`syncOllama` → it marks installed models as available" file="tests/Feature/Services/ModelSyncServiceTest.php::`syncOllama` → it marks installed models as available" class="Tests\Feature\Services\ModelSyncServiceTest" classname="Tests.Feature.Services.ModelSyncServiceTest" assertions="3" time="0.016000"/>
        <testcase name="`syncOllama` → it marks all Ollama models unavailable when none installed" file="tests/Feature/Services/ModelSyncServiceTest.php::`syncOllama` → it marks all Ollama models unavailable when none installed" class="Tests\Feature\Services\ModelSyncServiceTest" classname="Tests.Feature.Services.ModelSyncServiceTest" assertions="1" time="0.013473"/>
        <testcase name="`syncOllama` → it handles Ollama API errors gracefully" file="tests/Feature/Services/ModelSyncServiceTest.php::`syncOllama` → it handles Ollama API errors gracefully" class="Tests\Feature\Services\ModelSyncServiceTest" classname="Tests.Feature.Services.ModelSyncServiceTest" assertions="2" time="0.014213"/>
        <testcase name="`syncOllama` → it logs debug message when models are synced" file="tests/Feature/Services/ModelSyncServiceTest.php::`syncOllama` → it logs debug message when models are synced" class="Tests\Feature\Services\ModelSyncServiceTest" classname="Tests.Feature.Services.ModelSyncServiceTest" assertions="1" time="0.014994"/>
        <testcase name="`syncGroq` → it marks Groq models available when API key is configured" file="tests/Feature/Services/ModelSyncServiceTest.php::`syncGroq` → it marks Groq models available when API key is configured" class="Tests\Feature\Services\ModelSyncServiceTest" classname="Tests.Feature.Services.ModelSyncServiceTest" assertions="2" time="0.014944"/>
        <testcase name="`syncGroq` → it marks Groq models unavailable when API key is empty" file="tests/Feature/Services/ModelSyncServiceTest.php::`syncGroq` → it marks Groq models unavailable when API key is empty" class="Tests\Feature\Services\ModelSyncServiceTest" classname="Tests.Feature.Services.ModelSyncServiceTest" assertions="2" time="0.014098"/>
        <testcase name="`syncGroq` → it marks Groq models unavailable when API key is null" file="tests/Feature/Services/ModelSyncServiceTest.php::`syncGroq` → it marks Groq models unavailable when API key is null" class="Tests\Feature\Services\ModelSyncServiceTest" classname="Tests.Feature.Services.ModelSyncServiceTest" assertions="2" time="0.013565"/>
        <testcase name="`syncOpenAI` → it marks OpenAI models available when API key is configured" file="tests/Feature/Services/ModelSyncServiceTest.php::`syncOpenAI` → it marks OpenAI models available when API key is configured" class="Tests\Feature\Services\ModelSyncServiceTest" classname="Tests.Feature.Services.ModelSyncServiceTest" assertions="2" time="0.013513"/>
        <testcase name="`syncOpenAI` → it marks OpenAI models unavailable when no API key" file="tests/Feature/Services/ModelSyncServiceTest.php::`syncOpenAI` → it marks OpenAI models unavailable when no API key" class="Tests\Feature\Services\ModelSyncServiceTest" classname="Tests.Feature.Services.ModelSyncServiceTest" assertions="2" time="0.013339"/>
        <testcase name="`syncAnthropic` → it marks Anthropic models available when API key is configured" file="tests/Feature/Services/ModelSyncServiceTest.php::`syncAnthropic` → it marks Anthropic models available when API key is configured" class="Tests\Feature\Services\ModelSyncServiceTest" classname="Tests.Feature.Services.ModelSyncServiceTest" assertions="2" time="0.017974"/>
        <testcase name="`syncAnthropic` → it marks Anthropic models unavailable when no API key" file="tests/Feature/Services/ModelSyncServiceTest.php::`syncAnthropic` → it marks Anthropic models unavailable when no API key" class="Tests\Feature\Services\ModelSyncServiceTest" classname="Tests.Feature.Services.ModelSyncServiceTest" assertions="2" time="0.013754"/>
        <testcase name="`syncXAI` → it marks xAI models available when API key is configured" file="tests/Feature/Services/ModelSyncServiceTest.php::`syncXAI` → it marks xAI models available when API key is configured" class="Tests\Feature\Services\ModelSyncServiceTest" classname="Tests.Feature.Services.ModelSyncServiceTest" assertions="2" time="0.013400"/>
        <testcase name="`syncXAI` → it marks xAI models unavailable when no API key" file="tests/Feature/Services/ModelSyncServiceTest.php::`syncXAI` → it marks xAI models unavailable when no API key" class="Tests\Feature\Services\ModelSyncServiceTest" classname="Tests.Feature.Services.ModelSyncServiceTest" assertions="2" time="0.013140"/>
        <testcase name="`syncGemini` → it marks Gemini models available when API key is configured" file="tests/Feature/Services/ModelSyncServiceTest.php::`syncGemini` → it marks Gemini models available when API key is configured" class="Tests\Feature\Services\ModelSyncServiceTest" classname="Tests.Feature.Services.ModelSyncServiceTest" assertions="2" time="0.013347"/>
        <testcase name="`syncGemini` → it marks Gemini models unavailable when no API key" file="tests/Feature/Services/ModelSyncServiceTest.php::`syncGemini` → it marks Gemini models unavailable when no API key" class="Tests\Feature\Services\ModelSyncServiceTest" classname="Tests.Feature.Services.ModelSyncServiceTest" assertions="2" time="0.013299"/>
        <testcase name="`syncMistral` → it marks Mistral models available when API key is configured" file="tests/Feature/Services/ModelSyncServiceTest.php::`syncMistral` → it marks Mistral models available when API key is configured" class="Tests\Feature\Services\ModelSyncServiceTest" classname="Tests.Feature.Services.ModelSyncServiceTest" assertions="2" time="0.013168"/>
        <testcase name="`syncMistral` → it marks Mistral models unavailable when no API key" file="tests/Feature/Services/ModelSyncServiceTest.php::`syncMistral` → it marks Mistral models unavailable when no API key" class="Tests\Feature\Services\ModelSyncServiceTest" classname="Tests.Feature.Services.ModelSyncServiceTest" assertions="2" time="0.013416"/>
        <testcase name="`getDefaultModel` → it returns first available enabled model with tool support" file="tests/Feature/Services/ModelSyncServiceTest.php::`getDefaultModel` → it returns first available enabled model with tool support" class="Tests\Feature\Services\ModelSyncServiceTest" classname="Tests.Feature.Services.ModelSyncServiceTest" assertions="1" time="0.013667"/>
        <testcase name="`getDefaultModel` → it falls back to enabled model when none are available" file="tests/Feature/Services/ModelSyncServiceTest.php::`getDefaultModel` → it falls back to enabled model when none are available" class="Tests\Feature\Services\ModelSyncServiceTest" classname="Tests.Feature.Services.ModelSyncServiceTest" assertions="1" time="0.013260"/>
        <testcase name="`getDefaultModel` → it returns null when no models exist" file="tests/Feature/Services/ModelSyncServiceTest.php::`getDefaultModel` → it returns null when no models exist" class="Tests\Feature\Services\ModelSyncServiceTest" classname="Tests.Feature.Services.ModelSyncServiceTest" assertions="1" time="0.012221"/>
        <testcase name="`getDefaultModel` → it prefers faster models when tool support is equal" file="tests/Feature/Services/ModelSyncServiceTest.php::`getDefaultModel` → it prefers faster models when tool support is equal" class="Tests\Feature\Services\ModelSyncServiceTest" classname="Tests.Feature.Services.ModelSyncServiceTest" assertions="1" time="0.013699"/>
        <testcase name="`findByModelId` → it finds model by model_id" file="tests/Feature/Services/ModelSyncServiceTest.php::`findByModelId` → it finds model by model_id" class="Tests\Feature\Services\ModelSyncServiceTest" classname="Tests.Feature.Services.ModelSyncServiceTest" assertions="1" time="0.013022"/>
        <testcase name="`findByModelId` → it returns null when model not found" file="tests/Feature/Services/ModelSyncServiceTest.php::`findByModelId` → it returns null when model not found" class="Tests\Feature\Services\ModelSyncServiceTest" classname="Tests.Feature.Services.ModelSyncServiceTest" assertions="1" time="0.011981"/>
        <testcase name="`user API credentials` → it makes models available when user has API credential" file="tests/Feature/Services/ModelSyncServiceTest.php::`user API credentials` → it makes models available when user has API credential" class="Tests\Feature\Services\ModelSyncServiceTest" classname="Tests.Feature.Services.ModelSyncServiceTest" assertions="2" time="0.019129"/>
        <testcase name="`user API credentials` → it does not make models available when user credential is disabled" file="tests/Feature/Services/ModelSyncServiceTest.php::`user API credentials` → it does not make models available when user credential is disabled" class="Tests\Feature\Services\ModelSyncServiceTest" classname="Tests.Feature.Services.ModelSyncServiceTest" assertions="1" time="0.021039"/>
        <testcase name="`user API credentials` → it uses global config when available even without user credential" file="tests/Feature/Services/ModelSyncServiceTest.php::`user API credentials` → it uses global config when available even without user credential" class="Tests\Feature\Services\ModelSyncServiceTest" classname="Tests.Feature.Services.ModelSyncServiceTest" assertions="1" time="0.020778"/>
        <testcase name="`user API credentials` → it uses separate cache key per user" file="tests/Feature/Services/ModelSyncServiceTest.php::`user API credentials` → it uses separate cache key per user" class="Tests\Feature\Services\ModelSyncServiceTest" classname="Tests.Feature.Services.ModelSyncServiceTest" assertions="1" time="0.021870"/>
      </testsuite>
      <testsuite name="Tests\Feature\Services\OllamaServiceTest" file="tests/Feature/Services/OllamaServiceTest.php" tests="5" assertions="9" errors="0" failures="0" skipped="0" time="0.084689">
        <testcase name="`models` → it returns available models from ollama api" file="tests/Feature/Services/OllamaServiceTest.php::`models` → it returns available models from ollama api" class="Tests\Feature\Services\OllamaServiceTest" classname="Tests.Feature.Services.OllamaServiceTest" assertions="3" time="0.033023"/>
        <testcase name="`models` → it returns installed model names normalized" file="tests/Feature/Services/OllamaServiceTest.php::`models` → it returns installed model names normalized" class="Tests\Feature\Services\OllamaServiceTest" classname="Tests.Feature.Services.OllamaServiceTest" assertions="1" time="0.012252"/>
        <testcase name="`models` → it checks if model is available" file="tests/Feature/Services/OllamaServiceTest.php::`models` → it checks if model is available" class="Tests\Feature\Services\OllamaServiceTest" classname="Tests.Feature.Services.OllamaServiceTest" assertions="3" time="0.013514"/>
        <testcase name="`error handling` → it returns empty array when ollama is not running" file="tests/Feature/Services/OllamaServiceTest.php::`error handling` → it returns empty array when ollama is not running" class="Tests\Feature\Services\OllamaServiceTest" classname="Tests.Feature.Services.OllamaServiceTest" assertions="1" time="0.013406"/>
        <testcase name="`error handling` → it handles connection timeout gracefully" file="tests/Feature/Services/OllamaServiceTest.php::`error handling` → it handles connection timeout gracefully" class="Tests\Feature\Services\OllamaServiceTest" classname="Tests.Feature.Services.OllamaServiceTest" assertions="1" time="0.012494"/>
      </testsuite>
      <testsuite name="Tests\Feature\Services\SvgSanitizerTest" file="tests/Feature/Services/SvgSanitizerTest.php" tests="13" assertions="27" errors="0" failures="0" skipped="0" time="0.160791">
        <testcase name="`dangerous tag removal` → it removes script tags from svg content" file="tests/Feature/Services/SvgSanitizerTest.php::`dangerous tag removal` → it removes script tags from svg content" class="Tests\Feature\Services\SvgSanitizerTest" classname="Tests.Feature.Services.SvgSanitizerTest" assertions="3" time="0.020864"/>
        <testcase name="`dangerous tag removal` → it removes self-closing script tags" file="tests/Feature/Services/SvgSanitizerTest.php::`dangerous tag removal` → it removes self-closing script tags" class="Tests\Feature\Services\SvgSanitizerTest" classname="Tests.Feature.Services.SvgSanitizerTest" assertions="2" time="0.011709"/>
        <testcase name="`dangerous tag removal` → it removes foreignObject tags" file="tests/Feature/Services/SvgSanitizerTest.php::`dangerous tag removal` → it removes foreignObject tags" class="Tests\Feature\Services\SvgSanitizerTest" classname="Tests.Feature.Services.SvgSanitizerTest" assertions="2" time="0.011448"/>
        <testcase name="`dangerous tag removal` → it removes iframe tags" file="tests/Feature/Services/SvgSanitizerTest.php::`dangerous tag removal` → it removes iframe tags" class="Tests\Feature\Services\SvgSanitizerTest" classname="Tests.Feature.Services.SvgSanitizerTest" assertions="2" time="0.011541"/>
        <testcase name="`dangerous tag removal` → it removes style tags" file="tests/Feature/Services/SvgSanitizerTest.php::`dangerous tag removal` → it removes style tags" class="Tests\Feature\Services\SvgSanitizerTest" classname="Tests.Feature.Services.SvgSanitizerTest" assertions="2" time="0.012280"/>
        <testcase name="`event handler removal` → it removes event handler attributes" file="tests/Feature/Services/SvgSanitizerTest.php::`event handler removal` → it removes event handler attributes" class="Tests\Feature\Services\SvgSanitizerTest" classname="Tests.Feature.Services.SvgSanitizerTest" assertions="3" time="0.012654"/>
        <testcase name="`event handler removal` → it handles case insensitive event handlers" file="tests/Feature/Services/SvgSanitizerTest.php::`event handler removal` → it handles case insensitive event handlers" class="Tests\Feature\Services\SvgSanitizerTest" classname="Tests.Feature.Services.SvgSanitizerTest" assertions="2" time="0.012232"/>
        <testcase name="`dangerous url removal` → it removes javascript urls in href" file="tests/Feature/Services/SvgSanitizerTest.php::`dangerous url removal` → it removes javascript urls in href" class="Tests\Feature\Services\SvgSanitizerTest" classname="Tests.Feature.Services.SvgSanitizerTest" assertions="2" time="0.011419"/>
        <testcase name="`dangerous url removal` → it removes javascript urls in xlink:href" file="tests/Feature/Services/SvgSanitizerTest.php::`dangerous url removal` → it removes javascript urls in xlink:href" class="Tests\Feature\Services\SvgSanitizerTest" classname="Tests.Feature.Services.SvgSanitizerTest" assertions="1" time="0.011381"/>
        <testcase name="`dangerous url removal` → it removes data urls in href" file="tests/Feature/Services/SvgSanitizerTest.php::`dangerous url removal` → it removes data urls in href" class="Tests\Feature\Services\SvgSanitizerTest" classname="Tests.Feature.Services.SvgSanitizerTest" assertions="1" time="0.011262"/>
        <testcase name="`case insensitive handling` → it handles case insensitive tags" file="tests/Feature/Services/SvgSanitizerTest.php::`case insensitive handling` → it handles case insensitive tags" class="Tests\Feature\Services\SvgSanitizerTest" classname="Tests.Feature.Services.SvgSanitizerTest" assertions="2" time="0.011250"/>
        <testcase name="`valid content preservation` → it preserves valid svg content" file="tests/Feature/Services/SvgSanitizerTest.php::`valid content preservation` → it preserves valid svg content" class="Tests\Feature\Services\SvgSanitizerTest" classname="Tests.Feature.Services.SvgSanitizerTest" assertions="1" time="0.011340"/>
        <testcase name="`valid content preservation` → it handles multiple dangerous elements" file="tests/Feature/Services/SvgSanitizerTest.php::`valid content preservation` → it handles multiple dangerous elements" class="Tests\Feature\Services\SvgSanitizerTest" classname="Tests.Feature.Services.SvgSanitizerTest" assertions="4" time="0.011411"/>
      </testsuite>
      <testsuite name="Tests\Feature\Services\WebSearchServiceTest" file="tests/Feature/Services/WebSearchServiceTest.php" tests="8" assertions="27" errors="0" failures="0" skipped="0" time="0.101764">
        <testcase name="`availability` → it returns not available when api key is empty" file="tests/Feature/Services/WebSearchServiceTest.php::`availability` → it returns not available when api key is empty" class="Tests\Feature\Services\WebSearchServiceTest" classname="Tests.Feature.Services.WebSearchServiceTest" assertions="1" time="0.021046"/>
        <testcase name="`availability` → it returns available when api key is set" file="tests/Feature/Services/WebSearchServiceTest.php::`availability` → it returns available when api key is set" class="Tests\Feature\Services\WebSearchServiceTest" classname="Tests.Feature.Services.WebSearchServiceTest" assertions="1" time="0.011332"/>
        <testcase name="`availability` → it handles null api key config" file="tests/Feature/Services/WebSearchServiceTest.php::`availability` → it handles null api key config" class="Tests\Feature\Services\WebSearchServiceTest" classname="Tests.Feature.Services.WebSearchServiceTest" assertions="1" time="0.011300"/>
        <testcase name="`availability` → it returns error when searching without api key" file="tests/Feature/Services/WebSearchServiceTest.php::`availability` → it returns error when searching without api key" class="Tests\Feature\Services\WebSearchServiceTest" classname="Tests.Feature.Services.WebSearchServiceTest" assertions="1" time="0.011240"/>
        <testcase name="`successful search` → it makes successful search request" file="tests/Feature/Services/WebSearchServiceTest.php::`successful search` → it makes successful search request" class="Tests\Feature\Services\WebSearchServiceTest" classname="Tests.Feature.Services.WebSearchServiceTest" assertions="6" time="0.011705"/>
        <testcase name="`successful search` → it handles missing fields in search results gracefully" file="tests/Feature/Services/WebSearchServiceTest.php::`successful search` → it handles missing fields in search results gracefully" class="Tests\Feature\Services\WebSearchServiceTest" classname="Tests.Feature.Services.WebSearchServiceTest" assertions="7" time="0.011753"/>
        <testcase name="`error handling` → it handles failed api response" file="tests/Feature/Services/WebSearchServiceTest.php::`error handling` → it handles failed api response" class="Tests\Feature\Services\WebSearchServiceTest" classname="Tests.Feature.Services.WebSearchServiceTest" assertions="5" time="0.011611"/>
        <testcase name="`error handling` → it handles exceptions during search" file="tests/Feature/Services/WebSearchServiceTest.php::`error handling` → it handles exceptions during search" class="Tests\Feature\Services\WebSearchServiceTest" classname="Tests.Feature.Services.WebSearchServiceTest" assertions="5" time="0.011777"/>
      </testsuite>
      <testsuite name="Tests\Feature\Settings\PasswordUpdateTest" file="tests/Feature/Settings/PasswordUpdateTest.php" tests="3" assertions="9" errors="0" failures="0" skipped="0" time="0.061892">
        <testcase name="`password update page` → password update page is displayed" file="tests/Feature/Settings/PasswordUpdateTest.php::`password update page` → password update page is displayed" class="Tests\Feature\Settings\PasswordUpdateTest" classname="Tests.Feature.Settings.PasswordUpdateTest" assertions="1" time="0.023935"/>
        <testcase name="`password update` → password can be updated" file="tests/Feature/Settings/PasswordUpdateTest.php::`password update` → password can be updated" class="Tests\Feature\Settings\PasswordUpdateTest" classname="Tests.Feature.Settings.PasswordUpdateTest" assertions="4" time="0.020301"/>
        <testcase name="`password update` → correct password must be provided to update password" file="tests/Feature/Settings/PasswordUpdateTest.php::`password update` → correct password must be provided to update password" class="Tests\Feature\Settings\PasswordUpdateTest" classname="Tests.Feature.Settings.PasswordUpdateTest" assertions="4" time="0.017655"/>
      </testsuite>
      <testsuite name="Tests\Feature\Settings\ProfileUpdateTest" file="tests/Feature/Settings/ProfileUpdateTest.php" tests="5" assertions="21" errors="0" failures="0" skipped="0" time="0.095987">
        <testcase name="`profile display` → profile page is displayed" file="tests/Feature/Settings/ProfileUpdateTest.php::`profile display` → profile page is displayed" class="Tests\Feature\Settings\ProfileUpdateTest" classname="Tests.Feature.Settings.ProfileUpdateTest" assertions="1" time="0.026097"/>
        <testcase name="`profile update` → profile information can be updated" file="tests/Feature/Settings/ProfileUpdateTest.php::`profile update` → profile information can be updated" class="Tests\Feature\Settings\ProfileUpdateTest" classname="Tests.Feature.Settings.ProfileUpdateTest" assertions="6" time="0.017881"/>
        <testcase name="`profile update` → email verification status is unchanged when the email address is unchanged" file="tests/Feature/Settings/ProfileUpdateTest.php::`profile update` → email verification status is unchanged when the email address is unchanged" class="Tests\Feature\Settings\ProfileUpdateTest" classname="Tests.Feature.Settings.ProfileUpdateTest" assertions="4" time="0.017250"/>
        <testcase name="`account deletion` → user can delete their account" file="tests/Feature/Settings/ProfileUpdateTest.php::`account deletion` → user can delete their account" class="Tests\Feature\Settings\ProfileUpdateTest" classname="Tests.Feature.Settings.ProfileUpdateTest" assertions="5" time="0.017351"/>
        <testcase name="`account deletion` → correct password must be provided to delete account" file="tests/Feature/Settings/ProfileUpdateTest.php::`account deletion` → correct password must be provided to delete account" class="Tests\Feature\Settings\ProfileUpdateTest" classname="Tests.Feature.Settings.ProfileUpdateTest" assertions="5" time="0.017408"/>
      </testsuite>
      <testsuite name="Tests\Feature\Settings\TwoFactorAuthenticationTest" file="tests/Feature/Settings/TwoFactorAuthenticationTest.php" tests="4" assertions="24" errors="0" failures="0" skipped="0" time="0.075198">
        <testcase name="`two factor settings page` → two factor settings page can be rendered" file="tests/Feature/Settings/TwoFactorAuthenticationTest.php::`two factor settings page` → two factor settings page can be rendered" class="Tests\Feature\Settings\TwoFactorAuthenticationTest" classname="Tests.Feature.Settings.TwoFactorAuthenticationTest" assertions="11" time="0.024014"/>
        <testcase name="`two factor settings page` → two factor settings page requires password confirmation when enabled" file="tests/Feature/Settings/TwoFactorAuthenticationTest.php::`two factor settings page` → two factor settings page requires password confirmation when enabled" class="Tests\Feature\Settings\TwoFactorAuthenticationTest" classname="Tests.Feature.Settings.TwoFactorAuthenticationTest" assertions="2" time="0.015906"/>
        <testcase name="`two factor settings page` → two factor settings page does not requires password confirmation when disabled" file="tests/Feature/Settings/TwoFactorAuthenticationTest.php::`two factor settings page` → two factor settings page does not requires password confirmation when disabled" class="Tests\Feature\Settings\TwoFactorAuthenticationTest" classname="Tests.Feature.Settings.TwoFactorAuthenticationTest" assertions="10" time="0.018920"/>
        <testcase name="`two factor settings page` → two factor settings page returns forbidden response when two factor is disabled" file="tests/Feature/Settings/TwoFactorAuthenticationTest.php::`two factor settings page` → two factor settings page returns forbidden response when two factor is disabled" class="Tests\Feature\Settings\TwoFactorAuthenticationTest" classname="Tests.Feature.Settings.TwoFactorAuthenticationTest" assertions="1" time="0.016357"/>
      </testsuite>
      <testsuite name="Tests\Feature\Tools\ConduitKnowledgeToolTest" file="tests/Feature/Tools/ConduitKnowledgeToolTest.php" tests="7" assertions="10" errors="0" failures="0" skipped="0" time="0.085942">
        <testcase name="`conduit availability` → it returns error when conduit is not available" file="tests/Feature/Tools/ConduitKnowledgeToolTest.php::`conduit availability` → it returns error when conduit is not available" class="Tests\Feature\Tools\ConduitKnowledgeToolTest" classname="Tests.Feature.Tools.ConduitKnowledgeToolTest" assertions="1" time="0.015293"/>
        <testcase name="`query validation` → it returns error when query is too short" file="tests/Feature/Tools/ConduitKnowledgeToolTest.php::`query validation` → it returns error when query is too short" class="Tests\Feature\Tools\ConduitKnowledgeToolTest" classname="Tests.Feature.Tools.ConduitKnowledgeToolTest" assertions="1" time="0.011565"/>
        <testcase name="`knowledge search` → it searches knowledge base successfully" file="tests/Feature/Tools/ConduitKnowledgeToolTest.php::`knowledge search` → it searches knowledge base successfully" class="Tests\Feature\Tools\ConduitKnowledgeToolTest" classname="Tests.Feature.Tools.ConduitKnowledgeToolTest" assertions="3" time="0.011506"/>
        <testcase name="`knowledge search` → it returns no results message when none found" file="tests/Feature/Tools/ConduitKnowledgeToolTest.php::`knowledge search` → it returns no results message when none found" class="Tests\Feature\Tools\ConduitKnowledgeToolTest" classname="Tests.Feature.Tools.ConduitKnowledgeToolTest" assertions="1" time="0.011352"/>
        <testcase name="`knowledge search` → it returns error message when search fails" file="tests/Feature/Tools/ConduitKnowledgeToolTest.php::`knowledge search` → it returns error message when search fails" class="Tests\Feature\Tools\ConduitKnowledgeToolTest" classname="Tests.Feature.Tools.ConduitKnowledgeToolTest" assertions="1" time="0.011668"/>
        <testcase name="`knowledge search` → it uses default parameters for search" file="tests/Feature/Tools/ConduitKnowledgeToolTest.php::`knowledge search` → it uses default parameters for search" class="Tests\Feature\Tools\ConduitKnowledgeToolTest" classname="Tests.Feature.Tools.ConduitKnowledgeToolTest" assertions="2" time="0.011842"/>
        <testcase name="`error handling` → it handles exceptions gracefully" file="tests/Feature/Tools/ConduitKnowledgeToolTest.php::`error handling` → it handles exceptions gracefully" class="Tests\Feature\Tools\ConduitKnowledgeToolTest" classname="Tests.Feature.Tools.ConduitKnowledgeToolTest" assertions="1" time="0.012715"/>
      </testsuite>
      <testsuite name="Tests\Feature\Tools\CreateArtifactToolTest" file="tests/Feature/Tools/CreateArtifactToolTest.php" tests="14" assertions="25" errors="0" failures="0" skipped="0" time="0.247989">
        <testcase name="`validation` → it returns error when message context is not set" file="tests/Feature/Tools/CreateArtifactToolTest.php::`validation` → it returns error when message context is not set" class="Tests\Feature\Tools\CreateArtifactToolTest" classname="Tests.Feature.Tools.CreateArtifactToolTest" assertions="1" time="0.018776"/>
        <testcase name="`validation` → it returns error when purpose is too short" file="tests/Feature/Tools/CreateArtifactToolTest.php::`validation` → it returns error when purpose is too short" class="Tests\Feature\Tools\CreateArtifactToolTest" classname="Tests.Feature.Tools.CreateArtifactToolTest" assertions="1" time="0.021658"/>
        <testcase name="`artifact creation` → it creates react artifact successfully" file="tests/Feature/Tools/CreateArtifactToolTest.php::`artifact creation` → it creates react artifact successfully" class="Tests\Feature\Tools\CreateArtifactToolTest" classname="Tests.Feature.Tools.CreateArtifactToolTest" assertions="5" time="0.017667"/>
        <testcase name="`artifact creation` → it creates vue artifact successfully" file="tests/Feature/Tools/CreateArtifactToolTest.php::`artifact creation` → it creates vue artifact successfully" class="Tests\Feature\Tools\CreateArtifactToolTest" classname="Tests.Feature.Tools.CreateArtifactToolTest" assertions="3" time="0.017013"/>
        <testcase name="`artifact creation` → it creates html artifact successfully" file="tests/Feature/Tools/CreateArtifactToolTest.php::`artifact creation` → it creates html artifact successfully" class="Tests\Feature\Tools\CreateArtifactToolTest" classname="Tests.Feature.Tools.CreateArtifactToolTest" assertions="2" time="0.017362"/>
        <testcase name="`artifact creation` → it creates svg artifact successfully" file="tests/Feature/Tools/CreateArtifactToolTest.php::`artifact creation` → it creates svg artifact successfully" class="Tests\Feature\Tools\CreateArtifactToolTest" classname="Tests.Feature.Tools.CreateArtifactToolTest" assertions="2" time="0.019164"/>
        <testcase name="`artifact creation` → it creates mermaid artifact successfully" file="tests/Feature/Tools/CreateArtifactToolTest.php::`artifact creation` → it creates mermaid artifact successfully" class="Tests\Feature\Tools\CreateArtifactToolTest" classname="Tests.Feature.Tools.CreateArtifactToolTest" assertions="2" time="0.018431"/>
        <testcase name="`artifact creation` → it creates markdown artifact successfully" file="tests/Feature/Tools/CreateArtifactToolTest.php::`artifact creation` → it creates markdown artifact successfully" class="Tests\Feature\Tools\CreateArtifactToolTest" classname="Tests.Feature.Tools.CreateArtifactToolTest" assertions="2" time="0.017120"/>
        <testcase name="`artifact creation` → it defaults to html for unknown type" file="tests/Feature/Tools/CreateArtifactToolTest.php::`artifact creation` → it defaults to html for unknown type" class="Tests\Feature\Tools\CreateArtifactToolTest" classname="Tests.Feature.Tools.CreateArtifactToolTest" assertions="1" time="0.016967"/>
        <testcase name="`requirements` → it passes requirements to generator when provided" file="tests/Feature/Tools/CreateArtifactToolTest.php::`requirements` → it passes requirements to generator when provided" class="Tests\Feature\Tools\CreateArtifactToolTest" classname="Tests.Feature.Tools.CreateArtifactToolTest" assertions="1" time="0.016734"/>
        <testcase name="`fluent interface` → it sets message id via fluent method" file="tests/Feature/Tools/CreateArtifactToolTest.php::`fluent interface` → it sets message id via fluent method" class="Tests\Feature\Tools\CreateArtifactToolTest" classname="Tests.Feature.Tools.CreateArtifactToolTest" assertions="1" time="0.015845"/>
        <testcase name="`artifact metadata` → it creates artifact with unique identifier" file="tests/Feature/Tools/CreateArtifactToolTest.php::`artifact metadata` → it creates artifact with unique identifier" class="Tests\Feature\Tools\CreateArtifactToolTest" classname="Tests.Feature.Tools.CreateArtifactToolTest" assertions="2" time="0.017383"/>
        <testcase name="`artifact metadata` → it sets artifact version to 1" file="tests/Feature/Tools/CreateArtifactToolTest.php::`artifact metadata` → it sets artifact version to 1" class="Tests\Feature\Tools\CreateArtifactToolTest" classname="Tests.Feature.Tools.CreateArtifactToolTest" assertions="1" time="0.016921"/>
        <testcase name="`artifact metadata` → it includes artifact id in success message" file="tests/Feature/Tools/CreateArtifactToolTest.php::`artifact metadata` → it includes artifact id in success message" class="Tests\Feature\Tools\CreateArtifactToolTest" classname="Tests.Feature.Tools.CreateArtifactToolTest" assertions="1" time="0.016948"/>
      </testsuite>
      <testsuite name="Tests\Feature\Tools\GenerateLaravelModelToolTest" file="tests/Feature/Tools/GenerateLaravelModelToolTest.php" tests="22" assertions="66" errors="0" failures="0" skipped="0" time="0.268171">
        <testcase name="`model name validation` → it validates model name is PascalCase" file="tests/Feature/Tools/GenerateLaravelModelToolTest.php::`model name validation` → it validates model name is PascalCase" class="Tests\Feature\Tools\GenerateLaravelModelToolTest" classname="Tests.Feature.Tools.GenerateLaravelModelToolTest" assertions="1" time="0.021140"/>
        <testcase name="`model name validation` → it rejects invalid model names" file="tests/Feature/Tools/GenerateLaravelModelToolTest.php::`model name validation` → it rejects invalid model names" class="Tests\Feature\Tools\GenerateLaravelModelToolTest" classname="Tests.Feature.Tools.GenerateLaravelModelToolTest" assertions="1" time="0.011538"/>
        <testcase name="`field validation` → it validates field format" file="tests/Feature/Tools/GenerateLaravelModelToolTest.php::`field validation` → it validates field format" class="Tests\Feature\Tools\GenerateLaravelModelToolTest" classname="Tests.Feature.Tools.GenerateLaravelModelToolTest" assertions="1" time="0.011355"/>
        <testcase name="`field validation` → it handles nullable fields" file="tests/Feature/Tools/GenerateLaravelModelToolTest.php::`field validation` → it handles nullable fields" class="Tests\Feature\Tools\GenerateLaravelModelToolTest" classname="Tests.Feature.Tools.GenerateLaravelModelToolTest" assertions="2" time="0.012848"/>
        <testcase name="`relationship validation` → it validates relationship format" file="tests/Feature/Tools/GenerateLaravelModelToolTest.php::`relationship validation` → it validates relationship format" class="Tests\Feature\Tools\GenerateLaravelModelToolTest" classname="Tests.Feature.Tools.GenerateLaravelModelToolTest" assertions="1" time="0.011220"/>
        <testcase name="`relationship validation` → it validates relationship type" file="tests/Feature/Tools/GenerateLaravelModelToolTest.php::`relationship validation` → it validates relationship type" class="Tests\Feature\Tools\GenerateLaravelModelToolTest" classname="Tests.Feature.Tools.GenerateLaravelModelToolTest" assertions="1" time="0.011396"/>
        <testcase name="`relationship validation` → it handles empty relationships gracefully" file="tests/Feature/Tools/GenerateLaravelModelToolTest.php::`relationship validation` → it handles empty relationships gracefully" class="Tests\Feature\Tools\GenerateLaravelModelToolTest" classname="Tests.Feature.Tools.GenerateLaravelModelToolTest" assertions="4" time="0.011396"/>
        <testcase name="`model generation` → it generates model without additional files" file="tests/Feature/Tools/GenerateLaravelModelToolTest.php::`model generation` → it generates model without additional files" class="Tests\Feature\Tools\GenerateLaravelModelToolTest" classname="Tests.Feature.Tools.GenerateLaravelModelToolTest" assertions="4" time="0.011433"/>
        <testcase name="`model generation` → it generates model with migration" file="tests/Feature/Tools/GenerateLaravelModelToolTest.php::`model generation` → it generates model with migration" class="Tests\Feature\Tools\GenerateLaravelModelToolTest" classname="Tests.Feature.Tools.GenerateLaravelModelToolTest" assertions="2" time="0.011366"/>
        <testcase name="`model generation` → it generates model with factory" file="tests/Feature/Tools/GenerateLaravelModelToolTest.php::`model generation` → it generates model with factory" class="Tests\Feature\Tools\GenerateLaravelModelToolTest" classname="Tests.Feature.Tools.GenerateLaravelModelToolTest" assertions="2" time="0.011375"/>
        <testcase name="`model generation` → it generates model with seeder" file="tests/Feature/Tools/GenerateLaravelModelToolTest.php::`model generation` → it generates model with seeder" class="Tests\Feature\Tools\GenerateLaravelModelToolTest" classname="Tests.Feature.Tools.GenerateLaravelModelToolTest" assertions="2" time="0.011430"/>
        <testcase name="`model generation` → it generates model with all additional files" file="tests/Feature/Tools/GenerateLaravelModelToolTest.php::`model generation` → it generates model with all additional files" class="Tests\Feature\Tools\GenerateLaravelModelToolTest" classname="Tests.Feature.Tools.GenerateLaravelModelToolTest" assertions="4" time="0.011484"/>
        <testcase name="`model generation` → it includes fillable array in generated model" file="tests/Feature/Tools/GenerateLaravelModelToolTest.php::`model generation` → it includes fillable array in generated model" class="Tests\Feature\Tools\GenerateLaravelModelToolTest" classname="Tests.Feature.Tools.GenerateLaravelModelToolTest" assertions="5" time="0.011342"/>
        <testcase name="`model generation` → it handles model with no fillable fields" file="tests/Feature/Tools/GenerateLaravelModelToolTest.php::`model generation` → it handles model with no fillable fields" class="Tests\Feature\Tools\GenerateLaravelModelToolTest" classname="Tests.Feature.Tools.GenerateLaravelModelToolTest" assertions="3" time="0.011355"/>
        <testcase name="`casts generation` → it generates casts for appropriate field types" file="tests/Feature/Tools/GenerateLaravelModelToolTest.php::`casts generation` → it generates casts for appropriate field types" class="Tests\Feature\Tools\GenerateLaravelModelToolTest" classname="Tests.Feature.Tools.GenerateLaravelModelToolTest" assertions="5" time="0.016933"/>
        <testcase name="`relationship generation` → it generates belongsTo relationship" file="tests/Feature/Tools/GenerateLaravelModelToolTest.php::`relationship generation` → it generates belongsTo relationship" class="Tests\Feature\Tools\GenerateLaravelModelToolTest" classname="Tests.Feature.Tools.GenerateLaravelModelToolTest" assertions="3" time="0.011866"/>
        <testcase name="`relationship generation` → it generates hasMany relationship with plural method name" file="tests/Feature/Tools/GenerateLaravelModelToolTest.php::`relationship generation` → it generates hasMany relationship with plural method name" class="Tests\Feature\Tools\GenerateLaravelModelToolTest" classname="Tests.Feature.Tools.GenerateLaravelModelToolTest" assertions="3" time="0.011499"/>
        <testcase name="`relationship generation` → it generates hasOne relationship" file="tests/Feature/Tools/GenerateLaravelModelToolTest.php::`relationship generation` → it generates hasOne relationship" class="Tests\Feature\Tools\GenerateLaravelModelToolTest" classname="Tests.Feature.Tools.GenerateLaravelModelToolTest" assertions="3" time="0.011423"/>
        <testcase name="`relationship generation` → it generates multiple relationships" file="tests/Feature/Tools/GenerateLaravelModelToolTest.php::`relationship generation` → it generates multiple relationships" class="Tests\Feature\Tools\GenerateLaravelModelToolTest" classname="Tests.Feature.Tools.GenerateLaravelModelToolTest" assertions="4" time="0.011453"/>
        <testcase name="`migration schema generation` → it generates migration field schema methods" file="tests/Feature/Tools/GenerateLaravelModelToolTest.php::`migration schema generation` → it generates migration field schema methods" class="Tests\Feature\Tools\GenerateLaravelModelToolTest" classname="Tests.Feature.Tools.GenerateLaravelModelToolTest" assertions="7" time="0.011612"/>
        <testcase name="`migration schema generation` → it handles various field types in migrations" file="tests/Feature/Tools/GenerateLaravelModelToolTest.php::`migration schema generation` → it handles various field types in migrations" class="Tests\Feature\Tools\GenerateLaravelModelToolTest" classname="Tests.Feature.Tools.GenerateLaravelModelToolTest" assertions="6" time="0.011347"/>
        <testcase name="`migration schema generation` → it generates bigInteger field type" file="tests/Feature/Tools/GenerateLaravelModelToolTest.php::`migration schema generation` → it generates bigInteger field type" class="Tests\Feature\Tools\GenerateLaravelModelToolTest" classname="Tests.Feature.Tools.GenerateLaravelModelToolTest" assertions="2" time="0.011361"/>
      </testsuite>
      <testsuite name="Tests\Feature\Tools\WebSearchToolTest" file="tests/Feature/Tools/WebSearchToolTest.php" tests="9" assertions="23" errors="0" failures="0" skipped="0" time="0.119023">
        <testcase name="`availability` → it returns error when web search is not available" file="tests/Feature/Tools/WebSearchToolTest.php::`availability` → it returns error when web search is not available" class="Tests\Feature\Tools\WebSearchToolTest" classname="Tests.Feature.Tools.WebSearchToolTest" assertions="1" time="0.027029"/>
        <testcase name="`availability` → it exposes isAvailable from service" file="tests/Feature/Tools/WebSearchToolTest.php::`availability` → it exposes isAvailable from service" class="Tests\Feature\Tools\WebSearchToolTest" classname="Tests.Feature.Tools.WebSearchToolTest" assertions="2" time="0.011490"/>
        <testcase name="`validation` → it returns error for short queries" file="tests/Feature/Tools/WebSearchToolTest.php::`validation` → it returns error for short queries" class="Tests\Feature\Tools\WebSearchToolTest" classname="Tests.Feature.Tools.WebSearchToolTest" assertions="1" time="0.011319"/>
        <testcase name="`successful search` → it returns formatted results" file="tests/Feature/Tools/WebSearchToolTest.php::`successful search` → it returns formatted results" class="Tests\Feature\Tools\WebSearchToolTest" classname="Tests.Feature.Tools.WebSearchToolTest" assertions="7" time="0.011751"/>
        <testcase name="`successful search` → it returns results without answer when not provided" file="tests/Feature/Tools/WebSearchToolTest.php::`successful search` → it returns results without answer when not provided" class="Tests\Feature\Tools\WebSearchToolTest" classname="Tests.Feature.Tools.WebSearchToolTest" assertions="4" time="0.011521"/>
        <testcase name="`successful search` → it formats multiple results correctly" file="tests/Feature/Tools/WebSearchToolTest.php::`successful search` → it formats multiple results correctly" class="Tests\Feature\Tools\WebSearchToolTest" classname="Tests.Feature.Tools.WebSearchToolTest" assertions="3" time="0.011544"/>
        <testcase name="`error handling` → it returns no results message when search returns empty" file="tests/Feature/Tools/WebSearchToolTest.php::`error handling` → it returns no results message when search returns empty" class="Tests\Feature\Tools\WebSearchToolTest" classname="Tests.Feature.Tools.WebSearchToolTest" assertions="1" time="0.011334"/>
        <testcase name="`error handling` → it returns error message on search failure" file="tests/Feature/Tools/WebSearchToolTest.php::`error handling` → it returns error message on search failure" class="Tests\Feature\Tools\WebSearchToolTest" classname="Tests.Feature.Tools.WebSearchToolTest" assertions="2" time="0.011555"/>
        <testcase name="`error handling` → it handles exceptions gracefully" file="tests/Feature/Tools/WebSearchToolTest.php::`error handling` → it handles exceptions gracefully" class="Tests\Feature\Tools\WebSearchToolTest" classname="Tests.Feature.Tools.WebSearchToolTest" assertions="2" time="0.011480"/>
      </testsuite>
    </testsuite>
  </testsuite>
</testsuites>
